green        L-001 ============================== 1 passed in 0.10s ===============================
green        L-002 ============================== 1 passed in 0.65s ===============================
green        L-003 ============================== 1 passed in 0.09s ===============================
green        L-004 ============================== 1 passed in 0.51s ===============================
green        L-005 ============================== 1 passed in 0.17s ===============================
green        L-006 ============================== 20 passed in 0.55s ==============================; ============================== 21 passed in 0.11s ==============================
green        L-007 ============================== 1 passed in 0.61s ===============================
not-required L-008 row deletes nothing
not-required L-009 row deletes nothing
green        L-010 ============================== 1 passed in 0.62s ===============================
green        L-011 ============================== 1 passed in 0.15s ===============================
green        L-012 ============================== 1 passed in 1.11s ===============================
green        L-013 ============================== 1 passed in 1.07s ===============================
green        L-014 ============================== 1 passed in 0.38s ===============================
green        L-015 ============================== 1 passed in 1.16s ===============================
green        L-016 ============================== 1 passed in 0.40s ===============================
green        L-017 ============================== 1 passed in 0.36s ===============================
green        L-018 ============================== 1 passed in 0.10s ===============================
green        L-019 ============================== 1 passed in 0.12s ===============================
green        L-020 ============================== 1 passed in 0.10s ===============================
green        L-021 ============================== 1 passed in 0.10s ===============================
green        L-022 ============================== 1 passed in 0.12s ===============================
green        L-023 ============================== 1 passed in 0.08s ===============================
green        L-024 ============================== 1 passed in 0.56s ===============================
green        L-025 ============================== 1 passed in 0.10s ===============================
green        L-026 ============================== 1 passed in 0.66s ===============================
green        L-027 ============================== 1 passed in 0.10s ===============================
green        L-028 ============================== 1 passed in 0.10s ===============================
green        L-029 ============================== 1 passed in 0.57s ===============================
green        L-030 ============================== 1 passed in 0.10s ===============================
green        L-031 ============================== 1 passed in 0.11s ===============================
green        L-032 ============================== 14 passed in 0.27s ==============================
green        L-033 ============================== 1 passed in 0.08s ===============================; ============================== 1 passed in 0.08s ===============================
green        L-034 ============================== 1 passed in 0.07s ===============================; ============================== 1 passed in 0.09s ===============================; ======================== 28 passed, 9 skipped in 0.29s =========================
green        L-035 ============================== 13 passed in 0.15s ==============================
not-required L-038 row deletes nothing
green        L-039 ============================== 1 passed in 0.91s ===============================; ============================== 1 passed in 1.48s ===============================
green        L-040 ============================== 1 passed in 0.91s ===============================; ============================== 1 passed in 1.51s ===============================
not-required L-041 row deletes nothing
not-required L-042 row deletes nothing
not-required L-043 row deletes nothing
green        L-044 ============================== 60 passed in 0.68s ==============================
not-required L-045 row deletes nothing
not-required L-046 row deletes nothing
not-required L-047 row deletes nothing
not-required L-048 row deletes nothing
not-required L-049 row deletes nothing
not-required L-050 row deletes nothing
not-required L-051 row deletes nothing
not-required L-052 row deletes nothing
not-required L-053 row deletes nothing
not-required L-054 row deletes nothing
not-required L-055 row deletes nothing
not-required L-056 row deletes nothing
green        L-057 ============================== 60 passed in 0.71s ==============================
green        L-058 ============================== 60 passed in 0.71s ==============================
green        L-059 ============================== 60 passed in 0.71s ==============================
green        L-060 ============================== 60 passed in 0.69s ==============================
green        L-061 ============================== 60 passed in 0.69s ==============================
green        L-062 ============================== 60 passed in 0.72s ==============================
green        L-063 ============================== 60 passed in 0.73s ==============================
green        L-064 ============================== 60 passed in 0.69s ==============================
green        L-065 ============================== 60 passed in 0.68s ==============================
green        L-066 ============================== 60 passed in 0.69s ==============================
green        L-067 ============================== 60 passed in 0.68s ==============================
green        L-068 ============================== 60 passed in 0.70s ==============================
green        L-069 ============================== 60 passed in 0.71s ==============================
green        L-070 ============================== 60 passed in 0.69s ==============================
green        L-071 ============================== 60 passed in 0.69s ==============================
green        L-072 ============================== 60 passed in 0.69s ==============================
green        L-073 ============================== 60 passed in 0.69s ==============================
green        L-074 ============================== 60 passed in 0.69s ==============================
green        L-075 ============================== 60 passed in 0.69s ==============================
green        L-076 ============================== 60 passed in 0.68s ==============================
green        L-077 ============================== 60 passed in 0.70s ==============================
green        L-078 ============================== 60 passed in 0.70s ==============================
green        L-079 ============================== 60 passed in 0.70s ==============================
green        L-080 ============================== 60 passed in 0.69s ==============================
green        L-081 ============================== 60 passed in 0.71s ==============================
green        L-082 ============================== 60 passed in 0.68s ==============================
green        L-083 ============================== 60 passed in 0.69s ==============================
green        L-084 ============================== 60 passed in 0.71s ==============================
green        L-085 ============================== 60 passed in 0.70s ==============================
green        L-086 ============================== 60 passed in 0.69s ==============================
green        L-087 ============================== 60 passed in 0.69s ==============================
green        L-088 ============================== 60 passed in 0.69s ==============================
green        L-089 ============================== 60 passed in 0.67s ==============================
green        L-090 ============================== 60 passed in 0.70s ==============================
green        L-091 ============================== 60 passed in 0.70s ==============================
green        L-092 ============================== 60 passed in 0.69s ==============================
green        L-093 ============================== 60 passed in 0.70s ==============================
not-required L-094 row deletes nothing
green        L-095 ============================== 1 passed in 0.30s ===============================; ============================== 1 passed in 0.30s ===============================; ============================== 1 passed in 0.09s ===============================
not-required L-096 row deletes nothing
green        L-097 ============================== 1 passed in 0.08s ===============================
green        L-098 ============================== 1 passed in 0.29s ===============================; ============================== 1 passed in 0.31s ===============================; ============================== 1 passed in 0.09s ===============================
green        L-099 ============================== 7 passed in 0.28s ===============================
not-required L-100 row deletes nothing
green        L-101 ============================== 1 passed in 0.31s ===============================; ============================== 1 passed in 0.10s ===============================; ============================== 1 passed in 0.09s ===============================; ============================== 1 passed in 0.30s ===============================
green        L-102 ============================== 1 passed in 0.33s ===============================; ============================== 1 passed in 0.35s ===============================
not-required L-103 row deletes nothing
green        L-104 ============================== 1 passed in 0.10s ===============================; ============================== 1 passed in 0.11s ===============================; ============================== 1 passed in 0.24s ===============================; ============================== 1 passed in 0.24s ===============================
green        L-105 ============================== 1 passed in 0.33s ===============================; ============================== 1 passed in 0.39s ===============================
not-required L-106 row deletes nothing
green        L-107 ============================== 1 passed in 0.33s ===============================; ============================== 1 passed in 0.32s ===============================
green        L-108 ============================== 1 passed in 0.09s ===============================; ============================== 1 passed in 0.32s ===============================; ============================== 1 passed in 0.33s ===============================
green        L-109 ============================== 1 passed in 0.12s ===============================; ============================== 1 passed in 0.32s ===============================; ============================== 1 passed in 0.33s ===============================
green        L-110 ============================== 1 passed in 0.33s ===============================; ============================== 1 passed in 0.32s ===============================
green        L-111 ============================== 1 passed in 0.25s ===============================; ============================== 1 passed in 0.22s ===============================
green        L-112 ============================== 1 passed in 0.32s ===============================; ============================== 1 passed in 0.08s ===============================
green        L-113 ============================== 1 passed in 0.54s ===============================
green        L-114 ============================== 1 passed in 0.51s ===============================
green        L-115 ============================== 1 passed in 0.09s ===============================; ============================== 1 passed in 0.12s ===============================; ============================== 1 passed in 0.09s ===============================
green        L-116 ============================== 1 passed in 0.10s ===============================; ============================== 1 passed in 0.07s ===============================
green        L-117 ============================== 1 passed in 0.40s ===============================; ============================== 1 passed in 0.33s ===============================; ============================== 1 passed in 0.34s ===============================
green        L-118 ============================== 8 passed in 0.41s ===============================
green        L-119 ============================== 1 passed in 0.10s ===============================; ============================== 1 passed in 0.31s ===============================; ============================== 1 passed in 0.30s ===============================
not-required L-120 row deletes nothing
green        L-121 ============================== 14 passed in 0.29s ==============================; ============================== 1 passed in 0.11s ===============================
green        L-122 ============================== 1 passed in 0.09s ===============================; ============================== 1 passed in 5.48s ===============================
green        L-123 ============================== 1 passed in 0.53s ===============================
green        L-124 ============================== 1 passed in 0.08s ===============================; ============================== 1 passed in 0.08s ===============================; ============================== 1 passed in 0.21s ===============================
green        L-125 ============================== 1 passed in 0.03s ===============================; ============================== 1 passed in 0.03s ===============================
green        L-126 ============================== 1 passed in 0.15s ===============================; ============================== 1 passed in 0.66s ===============================
not-required L-127 row deletes nothing
green        L-128 ============================== 60 passed in 0.68s ==============================; ============================== 1 passed in 0.03s ===============================
green        L-129 ============================== 1 passed in 0.08s ===============================; ============================== 1 passed in 5.37s ===============================
green        L-130 ============================== 11 passed in 0.27s ==============================
green        L-131 ============================== 1 passed in 0.67s ===============================; ============================== 1 passed in 0.10s ===============================; ============================== 1 passed in 0.31s ===============================
green        L-132 ============================== 1 passed in 0.09s ===============================; ============================== 1 passed in 0.11s ===============================
green        L-133 ============================== 7 passed in 0.39s ===============================; ============================== 1 passed in 0.11s ===============================
green        L-134 ============================== 1 passed in 0.37s ===============================; ============================== 11 passed in 0.40s ==============================; ============================== 1 passed in 0.08s ===============================
not-required L-135 row deletes nothing
green        L-136 ============================== 1 passed in 0.10s ===============================; ============================== 1 passed in 0.09s ===============================; ============================== 1 passed in 0.09s ===============================
green        L-137 ============================== 1 passed in 0.22s ===============================; ============================== 1 passed in 0.21s ===============================; ============================== 1 passed in 0.30s ===============================
green        L-138 ============================== 1 passed in 0.10s ===============================; ============================== 1 passed in 0.24s ===============================; ============================== 9 passed in 0.23s ===============================
green        L-139 ============================== 1 passed in 0.38s ===============================; ============================== 7 passed in 1.79s ===============================; ============================== 1 passed in 0.49s ===============================
green        L-140 ============================== 4 passed in 1.37s ===============================
green        L-141 ============================== 1 passed in 0.07s ===============================; ============================== 1 passed in 0.25s ===============================
green        L-142 ============================== 1 passed in 0.41s ===============================; ============================== 1 passed in 0.31s ===============================; ============================== 1 passed in 0.29s ===============================
green        L-143 ============================== 1 passed in 0.10s ===============================; ============================== 1 passed in 0.09s ===============================; ============================== 1 passed in 0.09s ===============================
green        L-144 ============================== 1 passed in 0.07s ===============================; ============================== 5 passed in 0.61s ===============================
not-required L-145 row deletes nothing
not-required L-146 row deletes nothing
green        L-147 ============================== 1 passed in 0.36s ===============================; ============================== 1 passed in 0.94s ===============================
green        L-148 ============================== 7 passed in 2.82s ===============================
not-required L-149 row deletes nothing
not-required L-150 row deletes nothing
green        L-151 ============================== 1 passed in 0.33s ===============================; ============================== 68 passed in 3.07s ==============================
green        L-152 ============================== 1 passed in 0.29s ===============================; ============================== 1 passed in 0.53s ===============================; ============================== 1 passed in 0.58s ===============================
not-required L-153 row deletes nothing
green        L-154 ============================== 1 passed in 0.09s ===============================; ============================== 1 passed in 0.08s ===============================; ============================== 1 passed in 0.10s ===============================; ============================== 1 passed in 0.09s ===============================
green        L-155 ============================== 1 passed in 0.32s ===============================; ============================== 68 passed in 3.06s ==============================; ============================== 60 passed in 0.68s ==============================
green        L-156 ============================== 1 passed in 0.89s ===============================; ============================== 1 passed in 0.07s ===============================
green        L-157 ============================== 11 passed in 0.26s ==============================; ============================== 1 passed in 0.66s ===============================
green        L-158 ============================== 1 passed in 0.56s ===============================; ============================== 1 passed in 0.36s ===============================; ============================== 1 passed in 0.68s ===============================
green        L-159 ============================== 1 passed in 0.07s ===============================; ============================== 1 passed in 0.31s ===============================; ============================== 7 passed in 2.79s ===============================
green        L-160 ============================== 7 passed in 0.43s ===============================; ============================== 1 passed in 0.11s ===============================; ============================== 1 passed in 0.63s ===============================
green        L-161 ============================== 1 passed in 0.29s ===============================; ============================== 1 passed in 0.11s ===============================; ============================== 1 passed in 0.29s ===============================
green        L-162 ============================== 1 passed in 0.32s ===============================; ============================== 2 passed in 1.14s ===============================; ============================== 1 passed in 0.30s ===============================
green        L-163 ============================== 1 passed in 0.09s ===============================; ============================== 1 passed in 0.08s ===============================; ============================== 1 passed in 0.26s ===============================
green        L-164 ============================== 1 passed in 0.09s ===============================; ============================== 1 passed in 0.94s ===============================; ============================== 1 passed in 0.09s ===============================
green        L-165 ============================== 3 passed in 0.08s ===============================; ============================== 1 passed in 0.08s ===============================; ============================== 1 passed in 0.08s ===============================
green        L-166 ============================== 1 passed in 0.09s ===============================; ============================== 1 passed in 0.28s ===============================; ============================== 1 passed in 0.08s ===============================
not-required L-167 row deletes nothing
green        L-168 ============================== 7 passed in 0.39s ===============================; ============================== 1 passed in 0.25s ===============================; ============================== 1 passed in 0.07s ===============================
green        L-169 ============================== 12 passed in 1.04s ==============================
green        L-170 ============================== 1 passed in 0.08s ===============================; ============================== 1 passed in 0.20s ===============================
green        L-171 ============================== 1 passed in 0.09s ===============================
green        L-172 ============================== 1 passed in 0.29s ===============================; ============================== 1 passed in 0.29s ===============================
green        L-173 ============================== 1 passed in 0.08s ===============================; ============================== 1 passed in 0.09s ===============================; ============================== 1 passed in 0.08s ===============================
green        L-174 ============================== 1 passed in 0.18s ===============================
green        L-175 ============================== 1 passed in 0.07s ===============================; ============================== 1 passed in 0.07s ===============================
green        L-176 ============================== 1 passed in 0.08s ===============================; ============================== 1 passed in 0.20s ===============================
green        L-177 ============================== 1 passed in 0.33s ===============================; ============================== 1 passed in 0.34s ===============================
green        L-178 ============================== 6 passed in 0.38s ===============================; ============================== 1 passed in 0.38s ===============================; ============================== 1 passed in 0.08s ===============================
green        L-179 ============================== 10 passed in 2.09s ==============================; ============================== 1 passed in 0.92s ===============================
green        L-180 ============================== 2 passed in 0.08s ===============================; ============================== 1 passed in 0.09s ===============================; ============================== 1 passed in 0.08s ===============================; ============================== 1 passed in 0.10s ===============================
not-required L-181 row deletes nothing
green        L-182 ============================== 1 passed in 0.29s ===============================
green        L-183 ============================== 1 passed in 0.08s ===============================
green        L-184 ============================== 1 passed in 0.10s ===============================; ============================== 1 passed in 0.10s ===============================; ============================== 1 passed in 0.09s ===============================; ============================== 1 passed in 0.22s ===============================
not-required L-185 row deletes nothing
not-required L-186 row deletes nothing
green        L-187 ============================== 1 passed in 0.30s ===============================; ============================== 1 passed in 0.09s ===============================; ============================== 1 passed in 0.09s ===============================
green        L-188 ============================== 3 passed in 0.46s ===============================
not-required L-189 row deletes nothing
green        L-190 ============================== 1 passed in 0.08s ===============================; ============================== 1 passed in 0.09s ===============================
green        L-191 ============================== 1 passed in 0.56s ===============================
green        L-192 ============================== 1 passed in 0.56s ===============================; ============================== 1 passed in 0.54s ===============================; ============================== 1 passed in 0.53s ===============================; ============================== 1 passed in 0.55s ===============================; ============================== 4 passed in 0.79s ===============================; ============================== 1 passed in 0.62s ===============================; ============================== 1 passed in 0.56s ===============================; ============================== 1 passed in 0.11s ===============================; ============================== 1 passed in 0.52s ===============================; ============================== 1 passed in 0.53s ===============================
green        L-193 ============================== 1 passed in 0.55s ===============================
green        L-194 ============================== 1 passed in 0.56s ===============================; ============================== 1 passed in 0.52s ===============================
green        L-195 ============================== 1 passed in 0.08s ===============================
green        L-196 ============================== 1 passed in 0.10s ===============================; ============================== 1 passed in 5.45s ===============================
green        L-197 ============================== 1 passed in 0.23s ===============================; ============================== 9 passed in 0.24s ===============================; ============================== 1 passed in 0.41s ===============================; ============================== 1 passed in 0.23s ===============================
green        L-198 ============================== 15 passed in 0.52s ==============================
green        L-199 ============================== 18 passed in 0.56s ==============================
green        L-200 ============================== 1 passed in 0.88s ===============================; ============================== 1 passed in 0.22s ===============================; ============================== 1 passed in 0.23s ===============================
green        L-201 ============================== 7 passed in 0.19s ===============================
green        L-202 ============================== 5 passed in 0.41s ===============================
green        L-203 ============================== 5 passed in 0.60s ===============================
green        L-204 ============================== 7 passed in 2.74s ===============================
green        L-205 ============================== 1 passed in 0.66s ===============================; ============================== 1 passed in 0.32s ===============================; ============================== 1 passed in 0.15s ===============================
green        L-206 ============================== 1 passed in 0.24s ===============================
green        L-207 ============================== 29 passed in 1.46s ==============================
green        L-208 ============================== 1 passed in 0.09s ===============================; ============================== 1 passed in 0.09s ===============================; ============================== 1 passed in 0.21s ===============================
green        L-209 ============================== 1 passed in 0.29s ===============================; ============================== 1 passed in 0.30s ===============================; ============================== 1 passed in 0.09s ===============================; ============================== 1 passed in 0.23s ===============================
green        L-210 ============================== 1 passed in 0.10s ===============================; ============================== 1 passed in 0.10s ===============================; ============================== 1 passed in 0.10s ===============================; ============================== 1 passed in 0.10s ===============================; ============================== 1 passed in 0.09s ===============================
green        L-211 ============================== 1 passed in 0.10s ===============================; ============================== 1 passed in 0.10s ===============================; ============================== 1 passed in 0.25s ===============================
green        L-212 ============================== 25 passed in 0.05s ==============================; ============================== 1 passed in 0.07s ===============================
green        L-213 ============================== 1 passed in 0.10s ===============================; ============================== 1 passed in 0.34s ===============================; ============================== 1 passed in 0.32s ===============================
green        L-214 ============================== 3 passed in 0.08s ===============================; ============================== 1 passed in 0.08s ===============================; ============================== 1 passed in 0.09s ===============================
green        L-215 ============================== 1 passed in 0.10s ===============================; ============================== 1 passed in 0.11s ===============================; ============================== 1 passed in 0.33s ===============================
not-required L-216 row deletes nothing
green        L-217 ============================== 1 passed in 5.40s ===============================; ============================== 1 passed in 0.09s ===============================; ============================== 1 passed in 0.08s ===============================
green        L-218 ============================== 1 passed in 0.08s ===============================; ============================== 1 passed in 0.08s ===============================; ============================== 3 passed in 0.15s ===============================
not-required L-219 row deletes nothing
not-required L-220 row deletes nothing
green        L-221 ============================== 1 passed in 0.07s ===============================; ============================== 1 passed in 0.09s ===============================; ============================== 1 passed in 0.30s ===============================
green        L-222 ============================== 1 passed in 0.09s ===============================; ============================== 1 passed in 0.10s ===============================; ============================== 1 passed in 0.09s ===============================; ============================== 1 passed in 0.31s ===============================; ============================== 1 passed in 0.62s ===============================; ============================== 1 passed in 0.08s ===============================
green        L-223 ============================== 1 passed in 0.10s ===============================; ============================== 1 passed in 0.10s ===============================; ============================== 1 passed in 0.10s ===============================; ============================== 1 passed in 0.29s ===============================; ============================== 1 passed in 0.08s ===============================
green        L-224 ============================== 1 passed in 0.30s ===============================; ============================== 1 passed in 0.06s ===============================; ============================== 1 passed in 0.07s ===============================
green        L-225 ============================== 5 passed in 0.62s ===============================; ============================== 1 passed in 0.30s ===============================; ============================== 1 passed in 0.30s ===============================
green        L-226 ============================== 1 passed in 0.08s ===============================; ============================== 1 passed in 0.08s ===============================
green        L-227 ============================== 5 passed in 0.41s ===============================; ============================== 11 passed in 0.43s ==============================
green        L-228 ============================== 3 passed in 0.07s ===============================; ============================== 1 passed in 0.31s ===============================; ============================== 1 passed in 0.08s ===============================
green        L-229 ============================== 1 passed in 0.26s ===============================; ============================== 1 passed in 0.21s ===============================; ============================== 1 passed in 0.07s ===============================
green        L-230 ============================== 1 passed in 0.38s ===============================; ============================== 60 passed in 0.68s ==============================; ============================== 5 passed in 2.78s ===============================
green        L-231 ============================== 1 passed in 0.10s ===============================; ============================== 1 passed in 0.09s ===============================; ============================== 1 passed in 0.22s ===============================
green        L-232 ============================== 1 passed in 0.08s ===============================; ============================== 1 passed in 0.07s ===============================; ============================== 1 passed in 0.09s ===============================
green        L-233 ============================== 1 passed in 0.30s ===============================; ============================== 1 passed in 0.07s ===============================; ============================== 1 passed in 0.30s ===============================
green        L-234 ============================== 11 passed in 0.49s ==============================; ============================== 1 passed in 0.29s ===============================
green        L-235 ============================== 1 passed in 0.08s ===============================; ============================== 1 passed in 0.10s ===============================; ============================== 1 passed in 0.30s ===============================
green        L-236 ============================== 1 passed in 0.22s ===============================; ============================== 1 passed in 0.26s ===============================; ============================== 2 passed in 0.73s ===============================; ============================== 1 passed in 0.92s ===============================
green        L-237 ============================== 3 passed in 0.07s ===============================; ============================== 1 passed in 0.09s ===============================; ============================== 1 passed in 0.08s ===============================
green        L-238 ============================== 1 passed in 0.07s ===============================; ============================== 1 passed in 0.07s ===============================
green        L-239 ============================== 3 passed in 0.08s ===============================; ============================== 1 passed in 0.08s ===============================; ============================== 1 passed in 0.09s ===============================
green        L-240 ============================== 1 passed in 0.29s ===============================; ============================== 1 passed in 0.09s ===============================; ============================== 1 passed in 0.09s ===============================
green        L-241 ============================== 20 passed in 0.54s ==============================; ============================== 21 passed in 0.11s ==============================
green        L-242 ============================== 1 passed in 0.08s ===============================; ============================== 1 passed in 0.21s ===============================
green        L-243 ============================== 1 passed in 0.08s ===============================; ============================== 1 passed in 0.08s ===============================
green        L-244 ============================== 1 passed in 0.07s ===============================; ============================== 1 passed in 0.07s ===============================; ============================== 1 passed in 0.07s ===============================
green        L-245 ============================== 68 passed in 3.05s ==============================; ============================== 1 passed in 0.31s ===============================; ============================== 60 passed in 0.68s ==============================
green        L-246 ============================== 1 passed in 0.37s ===============================; ============================== 1 passed in 0.41s ===============================
green        L-247 ============================== 1 passed in 0.10s ===============================; ============================== 1 passed in 0.10s ===============================; ============================== 1 passed in 0.10s ===============================
green        L-248 ============================== 1 passed in 0.32s ===============================; ============================== 1 passed in 0.07s ===============================; ============================== 1 passed in 0.07s ===============================
green        L-249 ============================== 1 passed in 0.07s ===============================; ============================== 5 passed in 0.66s ===============================; ============================== 1 passed in 0.03s ===============================
green        L-250 ============================== 1 passed in 0.09s ===============================; ============================== 1 passed in 0.07s ===============================
green        L-251 ============================== 22 passed in 3.13s ==============================
not-required L-252 row deletes nothing
not-required L-253 row deletes nothing
not-required L-254 row deletes nothing
not-required L-255 row deletes nothing
not-required L-256 row deletes nothing
not-required L-257 row deletes nothing
not-required L-258 row deletes nothing
not-required L-259 row deletes nothing
not-required L-260 row deletes nothing
not-required L-261 row deletes nothing
not-required L-262 row deletes nothing
not-required L-263 row deletes nothing
not-required L-264 row deletes nothing
not-required L-265 row deletes nothing
not-required L-266 row deletes nothing
not-required L-267 row deletes nothing
not-required L-268 row deletes nothing
not-required L-269 row deletes nothing
not-required L-270 row deletes nothing
not-required L-271 row deletes nothing
not-required L-272 row deletes nothing
not-required L-273 row deletes nothing
not-required L-274 row deletes nothing
green        L-275 ============================== 60 passed in 0.68s ==============================
green        L-276 ============================== 4 passed in 0.89s ===============================; ============================== 1 passed in 0.32s ===============================
green        L-277 ============================== 20 passed in 0.54s ==============================
green        L-278 ============================== 1 passed in 0.31s ===============================; ============================== 1 passed in 0.95s ===============================
not-required L-279 row deletes nothing
green        L-280 ============================== 1 passed in 0.08s ===============================; ============================== 1 passed in 0.08s ===============================; ============================== 1 passed in 0.08s ===============================
green        L-281 ============================== 1 passed in 0.07s ===============================; ============================== 1 passed in 0.08s ===============================; ============================== 1 passed in 0.08s ===============================
not-required L-282 row deletes nothing
not-required L-283 row deletes nothing
green        L-284 ============================== 1 passed in 0.07s ===============================; ============================== 1 passed in 0.07s ===============================; ============================== 1 passed in 0.08s ===============================; ============================== 1 passed in 0.08s ===============================
not-required L-285 row deletes nothing
not-required L-286 row deletes nothing
not-required L-287 row deletes nothing
not-required L-288 row deletes nothing
green        L-289 ============================== 1 passed in 1.12s ===============================; ============================== 1 passed in 0.79s ===============================
green        L-290 ============================== 1 passed in 0.03s ===============================
not-required L-291 row deletes nothing
green        L-292 ============================== 1 passed in 0.31s ===============================; ============================== 1 passed in 0.31s ===============================
not-required L-293 row deletes nothing
not-required L-294 row deletes nothing
not-required L-295 row deletes nothing
not-required L-296 row deletes nothing
not-required L-297 row deletes nothing
not-required L-298 row deletes nothing
green        L-299 ============================== 8 passed in 0.04s ===============================
not-required L-300 row deletes nothing
not-required L-301 row deletes nothing
not-required L-302 row deletes nothing
green        L-304 ============================== 8 passed in 0.04s ===============================
green        L-305 ============================== 1 passed in 0.32s ===============================
