src/sysml_codegen/generation/preservation.py:118: error: Function is missing a type annotation for one or more parameters  [no-untyped-def]
src/sysml_codegen/generation/preservation.py:175: error: Function is missing a type annotation for one or more parameters  [no-untyped-def]
src/sysml_codegen/generation/schemas.py:17: error: Function is missing a type annotation for one or more parameters  [no-untyped-def]
src/sysml_codegen/generation/schemas.py:32: error: Function is missing a type annotation for one or more parameters  [no-untyped-def]
src/sysml_codegen/generation/schemas.py:48: error: Function is missing a type annotation for one or more parameters  [no-untyped-def]
src/sysml_codegen/extraction/usage_extractor.py:125: error: Returning Any from function declared to return "str | None"  [no-any-return]
src/sysml_codegen/extraction/usage_extractor.py:183: error: Returning Any from function declared to return "str | None"  [no-any-return]
src/sysml_codegen/generation/test_gen.py:22: error: Function is missing a type annotation for one or more parameters  [no-untyped-def]
src/sysml_codegen/extraction/extractor.py:61: error: "None" has no attribute "contains_errors"  [attr-defined]
src/sysml_codegen/extraction/extractor.py:62: error: "None" has no attribute "errors"  [attr-defined]
src/sysml_codegen/extraction/extractor.py:93: error: Function is missing a type annotation for one or more parameters  [no-untyped-def]
src/sysml_codegen/extraction/extractor.py:108: error: Need type annotation for "constraints" (hint: "constraints: list[<type>] = ...")  [var-annotated]
src/sysml_codegen/extraction/extractor.py:130: error: Function is missing a type annotation for one or more parameters  [no-untyped-def]
src/sysml_codegen/extraction/extractor.py:303: error: Function is missing a type annotation for one or more parameters  [no-untyped-def]
src/sysml_codegen/extraction/extractor.py:315: error: Function is missing a type annotation for one or more parameters  [no-untyped-def]
src/sysml_codegen/extraction/extractor.py:323: error: Function is missing a type annotation for one or more parameters  [no-untyped-def]
src/sysml_codegen/extraction/extractor.py:335: error: Function is missing a type annotation for one or more parameters  [no-untyped-def]
src/sysml_codegen/extraction/extractor.py:346: error: Function is missing a type annotation for one or more parameters  [no-untyped-def]
src/sysml_codegen/extraction/extractor.py:372: error: Function is missing a type annotation for one or more parameters  [no-untyped-def]
src/sysml_codegen/extraction/extractor.py:387: error: Function is missing a type annotation for one or more parameters  [no-untyped-def]
src/sysml_codegen/extraction/extractor.py:464: error: Function is missing a type annotation for one or more parameters  [no-untyped-def]
src/sysml_codegen/extraction/extractor.py:487: error: Function is missing a type annotation for one or more parameters  [no-untyped-def]
src/sysml_codegen/extraction/extractor.py:503: error: Function is missing a type annotation for one or more parameters  [no-untyped-def]
src/sysml_codegen/extraction/extractor.py:536: error: Function is missing a type annotation for one or more parameters  [no-untyped-def]
src/sysml_codegen/extraction/extractor.py:547: error: Returning Any from function declared to return "str"  [no-any-return]
src/sysml_codegen/extraction/extractor.py:551: error: Function is missing a type annotation for one or more parameters  [no-untyped-def]
src/sysml_codegen/extraction/extractor.py:565: error: Function is missing a type annotation for one or more parameters  [no-untyped-def]
src/sysml_codegen/generation/entry_point.py:153: error: Function is missing a type annotation for one or more parameters  [no-untyped-def]
src/sysml_codegen/generation/stencils.py:22: error: Function is missing a type annotation for one or more parameters  [no-untyped-def]
src/sysml_codegen/generation/stencils.py:30: error: Returning Any from function declared to return "str"  [no-any-return]
src/sysml_codegen/generation/stencils.py:31: error: Returning Any from function declared to return "str"  [no-any-return]
src/sysml_codegen/generation/stencils.py:34: error: Function is missing a type annotation for one or more parameters  [no-untyped-def]
src/sysml_codegen/generation/stencils.py:48: error: Returning Any from function declared to return "str"  [no-any-return]
src/sysml_codegen/generation/stencils.py:50: error: Returning Any from function declared to return "str"  [no-any-return]
src/sysml_codegen/generation/stencils.py:55: error: Function is missing a type annotation for one or more parameters  [no-untyped-def]
src/sysml_codegen/generation/stencils.py:111: error: Function is missing a type annotation  [no-untyped-def]
src/sysml_codegen/generation/stencils.py:156: error: Function is missing a type annotation for one or more parameters  [no-untyped-def]
src/sysml_codegen/generation/stencils.py:202: error: Function is missing a type annotation for one or more parameters  [no-untyped-def]
src/sysml_codegen/generation/registry.py:237: error: Function is missing a type annotation for one or more parameters  [no-untyped-def]
src/sysml_codegen/generation/pipeline.py:178: error: Argument 1 to "get" of "dict" has incompatible type "str | None"; expected "str"  [arg-type]
src/sysml_codegen/generation/pipeline.py:183: error: Incompatible types in assignment (expression has type "str | None", variable has type "str")  [assignment]
src/sysml_codegen/generation/pipeline.py:190: error: Argument 1 to "params_field_name" has incompatible type "str | None"; expected "str"  [arg-type]
src/sysml_codegen/generation/modules.py:28: error: Function is missing a type annotation for one or more parameters  [no-untyped-def]
src/sysml_codegen/generation/modules.py:36: error: Returning Any from function declared to return "str"  [no-any-return]
src/sysml_codegen/generation/modules.py:37: error: Returning Any from function declared to return "str"  [no-any-return]
src/sysml_codegen/generation/modules.py:40: error: Function is missing a type annotation for one or more parameters  [no-untyped-def]
src/sysml_codegen/generation/modules.py:54: error: Returning Any from function declared to return "str"  [no-any-return]
src/sysml_codegen/generation/modules.py:56: error: Returning Any from function declared to return "str"  [no-any-return]
src/sysml_codegen/generation/modules.py:61: error: Function is missing a type annotation for one or more parameters  [no-untyped-def]
src/sysml_codegen/generation/modules.py:395: error: Function is missing a type annotation for one or more parameters  [no-untyped-def]
src/sysml_codegen/cli/__init__.py:157: error: Function is missing a type annotation  [no-untyped-def]
src/sysml_codegen/cli/__init__.py:494: error: Item "None" of "str | None" has no attribute "lower"  [union-attr]
Found 52 errors in 11 files (checked 72 source files)
