============================= test session starts ==============================
platform linux -- Python 3.12.11, pytest-9.1.1, pluggy-1.6.0
rootdir: /home/reid/1cfe/sysml-codegen-item7-rebuild
configfile: pyproject.toml
testpaths: tests
plugins: cov-7.1.0
collected 3962 items / 53 deselected / 3909 selected

tests/conformance/test_agg_key_forms.py .........                        [  0%]
tests/conformance/test_agg_literal_dispatch.py .                         [  0%]
tests/conformance/test_agg_localterm_default.py ...                      [  0%]
tests/conformance/test_aggregation_scoping.py .......................... [  0%]
..                                                                       [  1%]
tests/conformance/test_alias_agg_probe_generation.py ..                  [  1%]
tests/conformance/test_ast_dispatch_invariant.py ....................    [  1%]
tests/conformance/test_backtracker.py .................................. [  2%]
..........................                                               [  3%]
tests/conformance/test_baselines.py .................                    [  3%]
tests/conformance/test_calc_compat_parity.py ss.......ss....ss...s...... [  4%]
..ss......                                                               [  4%]
tests/conformance/test_catalog_definition_join.py ......                 [  4%]
tests/conformance/test_catalog_no_reconstruction.py ..                   [  4%]
tests/conformance/test_catalog_schema_version.py ..                      [  4%]
tests/conformance/test_compile_calc_def_golden.py ss.......ss....ss...s. [  5%]
.......ss......                                                          [  5%]
tests/conformance/test_computed_attribute_golden.py sss..sssssss.s.ss.ss [  6%]
ss..ssss.ss..ss..                                                        [  6%]
tests/conformance/test_computed_attributes.py .......................... [  7%]
........................                                                 [  7%]
tests/conformance/test_constraint_catalog_determinism.py ..              [  8%]
tests/conformance/test_constraint_generation_integration.py .            [  8%]
tests/conformance/test_constraint_generation_live.py ..                  [  8%]
tests/conformance/test_constraint_lowering.py .......................... [  8%]
........................                                                 [  9%]
tests/conformance/test_constraint_lowering_integrity.py ............     [  9%]
tests/conformance/test_constraint_migration_mapping.py ............      [  9%]
tests/conformance/test_constraint_name_safety_routes.py .                [ 10%]
tests/conformance/test_constraint_non_numerical.py ....                  [ 10%]
tests/conformance/test_constraint_occurrence_demand_acceptance.py ...... [ 10%]
                                                                         [ 10%]
tests/conformance/test_constraint_occurrence_demand_supplementary.py .   [ 10%]
tests/conformance/test_constraint_pipeline_threading.py ..........       [ 10%]
tests/conformance/test_constraint_profile_route_parity.py ......         [ 10%]
tests/conformance/test_constraint_snapshot_identity.py ......            [ 10%]
tests/conformance/test_constraint_snapshot_portability.py ...            [ 10%]
tests/conformance/test_crosspart_rollup_twolevel.py ...                  [ 11%]
tests/conformance/test_d5_variants.py ....................               [ 11%]
tests/conformance/test_data_models.py .................................. [ 12%]
...............................................................          [ 13%]
tests/conformance/test_dead_code_removal.py ......                       [ 14%]
tests/conformance/test_deep_cross_scope_probe.py .......                 [ 14%]
tests/conformance/test_default_lane_disagreement.py ..                   [ 14%]
tests/conformance/test_diagnostic_screen.py ........                     [ 14%]
tests/conformance/test_dm08_enforced_surface.py ...                      [ 14%]
tests/conformance/test_dual_resolution.py .........                      [ 14%]
tests/conformance/test_elaboration_aggregations.py ........              [ 15%]
tests/conformance/test_elaboration_computed_attrs.py .........           [ 15%]
tests/conformance/test_elaboration_contract_matrix.py .................. [ 15%]
.............                                                            [ 16%]
tests/conformance/test_elaboration_corpus_ledger.py ...                  [ 16%]
tests/conformance/test_elaboration_dual_run.py ...                       [ 16%]
tests/conformance/test_elaboration_expose_shapes.py ...............      [ 16%]
tests/conformance/test_elaboration_fail_closed.py .......                [ 16%]
tests/conformance/test_elaboration_generation_boundary.py .              [ 16%]
tests/conformance/test_elaboration_graph_roundtrip.py .............      [ 17%]
tests/conformance/test_elaboration_identity_collisions.py ...            [ 17%]
tests/conformance/test_elaboration_identity_foundation.py ....           [ 17%]
tests/conformance/test_elaboration_identity_vertical.py ..               [ 17%]
tests/conformance/test_elaboration_model_validation.py ..                [ 17%]
tests/conformance/test_elaboration_payload_identity.py .............     [ 17%]
tests/conformance/test_elaboration_phase5_remediation.py ...........     [ 18%]
tests/conformance/test_elaboration_plural_scope.py ..                    [ 18%]
tests/conformance/test_elaboration_projection.py ....                    [ 18%]
tests/conformance/test_elaboration_projection_one_way.py ......          [ 18%]
tests/conformance/test_elaboration_public_mutation.py ..                 [ 18%]
tests/conformance/test_elaboration_shadowing.py ....                     [ 18%]
tests/conformance/test_elaboration_sibling_channels.py .....             [ 18%]
tests/conformance/test_elaboration_specialization_retypes.py ........    [ 18%]
tests/conformance/test_elaboration_spike_parity.py ..................    [ 19%]
tests/conformance/test_entry_point_classifier.py ....................... [ 19%]
.............                                                            [ 20%]
tests/conformance/test_exact_compiler_core.py .....                      [ 20%]
tests/conformance/test_exact_constraint_route.py .............           [ 20%]
tests/conformance/test_exact_group_identity.py .............             [ 21%]
tests/conformance/test_exact_pipeline_context.py ...............         [ 21%]
tests/conformance/test_exact_projection_aggregation.py ...               [ 21%]
tests/conformance/test_exact_route_alias_aggregation.py .......          [ 21%]
tests/conformance/test_exact_route_constraint_portability.py ........    [ 21%]
tests/conformance/test_exact_route_fingerprint_stability.py ....         [ 22%]
tests/conformance/test_exact_route_generated_package.py ....             [ 22%]
tests/conformance/test_exact_route_registry.py .......                   [ 22%]
tests/conformance/test_exact_route_seal_step9.py ............            [ 22%]
tests/conformance/test_exact_route_snapshot_generation.py ..........     [ 22%]
tests/conformance/test_exact_route_whole_tree_portability.py ...         [ 22%]
tests/conformance/test_exact_target_selection.py ............            [ 23%]
tests/conformance/test_expression_compiler.py .......................... [ 23%]
.                                                                        [ 23%]
tests/conformance/test_expression_reconstruction_fidelity.py .           [ 23%]
tests/conformance/test_extraction_snapshots.py ......................... [ 24%]
......................................                                   [ 25%]
tests/conformance/test_extractor.py .................................... [ 26%]
......................................                                   [ 27%]
tests/conformance/test_factory_aggregation.py .......................... [ 28%]
...s                                                                     [ 28%]
tests/conformance/test_factory_calc_usage.py ........................... [ 28%]
...............                                                          [ 29%]
tests/conformance/test_factory_formula.py ....................s.......s. [ 30%]
.                                                                        [ 30%]
tests/conformance/test_factory_purity.py .....s....                      [ 30%]
tests/conformance/test_fingerprint_stability.py ....                     [ 30%]
tests/conformance/test_formula_quoted_owner.py .                         [ 30%]
tests/conformance/test_fusion_tea_snapshot.py ...                        [ 30%]
tests/conformance/test_gate_a_owner_classification.py ....               [ 30%]
tests/conformance/test_gate_b_generation_gate.py ...                     [ 30%]
tests/conformance/test_gen_json_templates.py ........................... [ 31%]
.                                                                        [ 31%]
tests/conformance/test_gen_module_wrappers.py ...................        [ 31%]
tests/conformance/test_gen_pipeline_yaml.py ............................ [ 32%]
                                                                         [ 32%]
tests/conformance/test_gen_registry.py ......................            [ 33%]
tests/conformance/test_gen_schemas.py .....................              [ 33%]
tests/conformance/test_gen_stencils.py ................................  [ 34%]
tests/conformance/test_generated_schema_importable.py .................. [ 35%]
...                                                                      [ 35%]
tests/conformance/test_generation_boundary.py ....................       [ 35%]
tests/conformance/test_grandfather_carveout.py ....                      [ 35%]
tests/conformance/test_graph_assembly.py ............................... [ 36%]
...........                                                              [ 36%]
tests/conformance/test_hierarchy_resolver.py ........................... [ 37%]
...................                                                      [ 37%]
tests/conformance/test_ife_plant.py ..........                           [ 38%]
tests/conformance/test_legacy_snapshot_closure.py .............          [ 38%]
tests/conformance/test_literal_totality.py ..                            [ 38%]
tests/conformance/test_matcher_reclassification.py ...                   [ 38%]
tests/conformance/test_modeled_default_fidelity.py ........              [ 38%]
tests/conformance/test_module_kind_faildloud.py ............             [ 39%]
tests/conformance/test_naming_conventions.py ........................... [ 39%]
...................                                                      [ 40%]
tests/conformance/test_no_expression_ast.py .                            [ 40%]
tests/conformance/test_orchestrator.py ................................. [ 41%]
.........                                                                [ 41%]
tests/conformance/test_output_registry.py .............................  [ 42%]
tests/conformance/test_parameter_group_deriver.py ...................... [ 42%]
...                                                                      [ 42%]
tests/conformance/test_part_instance_index.py ............               [ 43%]
tests/conformance/test_pipeline_e2e.py ................                  [ 43%]
tests/conformance/test_pipeline_module_expansion.py .................... [ 44%]
........                                                                 [ 44%]
tests/conformance/test_plant_value_shapes.py .........                   [ 44%]
tests/conformance/test_plant_values.py ........                          [ 44%]
tests/conformance/test_producer_completeness_acceptance.py ...           [ 44%]
tests/conformance/test_public_authority_switch.py ...................    [ 45%]
tests/conformance/test_public_route_baselines.py ....                    [ 45%]
tests/conformance/test_reference_doc_distinctness.py ..........          [ 45%]
tests/conformance/test_res08_consumer_scope_paths.py ....                [ 45%]
tests/conformance/test_return_style_extraction.py ............           [ 46%]
tests/conformance/test_sanitize_invariance.py ...                        [ 46%]
tests/conformance/test_seal_step9.py .............                       [ 46%]
tests/conformance/test_self_named_binding_trap.py ...                    [ 46%]
tests/conformance/test_self_named_rescue.py ...                          [ 46%]
tests/conformance/test_shared_producer_convergence.py ..                 [ 46%]
tests/conformance/test_sibling_channel_ambiguity.py ...                  [ 46%]
tests/conformance/test_silent_failure_d316.py .                          [ 46%]
tests/conformance/test_silent_failure_family1.py .......                 [ 46%]
tests/conformance/test_silent_failure_sc4a1.py .                         [ 46%]
tests/conformance/test_silent_failure_sc5.py ...........                 [ 47%]
tests/conformance/test_snapshot_constraint_parity.py ......              [ 47%]
tests/conformance/test_snapshot_contract.py ........                     [ 47%]
tests/conformance/test_snapshot_generation.py ................           [ 48%]
tests/conformance/test_snapshot_v5_gate.py ............                  [ 48%]
tests/conformance/test_snapshot_v6_capture.py ......                     [ 48%]
tests/conformance/test_snapshot_v6_envelope.py ......................... [ 49%]
..........................................                               [ 50%]
tests/conformance/test_snapshot_v6_routes.py .....                       [ 50%]
tests/conformance/test_source_admission_routes.py ......                 [ 50%]
tests/conformance/test_source_identity_extraction.py ................    [ 50%]
tests/conformance/test_source_identity_routes.py ............            [ 51%]
tests/conformance/test_spec_chain_channel.py ...                         [ 51%]
tests/conformance/test_spec_chain_twolevel.py ........                   [ 51%]
tests/conformance/test_type_indexing.py .......                          [ 51%]
tests/conformance/test_type_mapping_consolidation.py ..............      [ 52%]
tests/conformance/test_unit_annotation_values.py ......                  [ 52%]
tests/conformance/test_upstream_pins.py ....                             [ 52%]
tests/conformance/test_v6_recapture_batch.py ........................... [ 52%]
...............................                                          [ 53%]
tests/conformance/test_virtual_binding_rewrite.py ...................... [ 54%]
........................                                                 [ 54%]
tests/conformance/test_whole_tree_portability.py ..                      [ 54%]
tests/conformance/test_wi014_toy.py .......                              [ 55%]
tests/conformance/test_written_qualifier_anchoring.py .......            [ 55%]
tests/integration/test_bug2_regression.py .                              [ 55%]
tests/integration/test_computed_attribute_pipeline.py .................. [ 55%]
..                                                                       [ 55%]
tests/integration/test_computed_attributes_e2e.py .....................  [ 56%]
tests/integration/test_computed_attributes_exact_route.py .............. [ 56%]
.                                                                        [ 56%]
tests/integration/test_costed_component_e2e.py ......................... [ 57%]
                                                                         [ 57%]
tests/integration/test_costed_component_exact_route.py ................. [ 57%]
.                                                                        [ 57%]
tests/integration/test_e2e_output_registry.py ......                     [ 58%]
tests/integration/test_expression_compilation_e2e.py .................   [ 58%]
tests/integration/test_expression_compilation_exact_route.py .......     [ 58%]
tests/integration/test_full_pipeline.py ..................               [ 59%]
tests/integration/test_full_pipeline_exact_route.py .....                [ 59%]
tests/integration/test_hierarchy_e2e.py .................                [ 59%]
tests/integration/test_hierarchy_exact_route.py .....                    [ 59%]
tests/integration/test_output_registry_smoke.py ...                      [ 59%]
tests/integration/test_parallel_validation.py ........                   [ 60%]
tests/runtime/test_fusion_tea_acceptance.py ....                         [ 60%]
tests/runtime/test_pipeline_runner.py ..                                 [ 60%]
tests/unit/test_aggregation_generation.py ....................           [ 60%]
tests/unit/test_alias_producers.py .................                     [ 61%]
tests/unit/test_backtracker_aggregation.py ...................           [ 61%]
tests/unit/test_backtracker_computed_attrs.py ...................        [ 62%]
tests/unit/test_capture_fixtures_filter.py .......                       [ 62%]
tests/unit/test_catalog_usage_tier.py ......                             [ 62%]
tests/unit/test_check_ledger_4a.py ..................................... [ 63%]
...........                                                              [ 63%]
tests/unit/test_check_proof_integrity.py ......                          [ 63%]
tests/unit/test_cli_generation.py ...................................... [ 64%]
..................                                                       [ 65%]
tests/unit/test_computed_attr_generation.py ...............              [ 65%]
tests/unit/test_computed_attribute_extraction.py ....................... [ 66%]
...                                                                      [ 66%]
tests/unit/test_concrete_constraint_model.py ........................... [ 67%]
.                                                                        [ 67%]
tests/unit/test_constraint_emission.py .......................           [ 67%]
tests/unit/test_constraint_graph_extension.py ...........                [ 67%]
tests/unit/test_constraint_name_safety.py .........................      [ 68%]
tests/unit/test_constraint_resolver.py ............................      [ 69%]
tests/unit/test_constraint_usage_preparation.py ....................     [ 69%]
tests/unit/test_contract_models.py .................                     [ 70%]
tests/unit/test_data_models.py .........                                 [ 70%]
tests/unit/test_dependency_backtracker.py ......                         [ 70%]
tests/unit/test_design_overrides_threaded.py .                           [ 70%]
tests/unit/test_duplicate_path_failfast.py ...                           [ 70%]
tests/unit/test_elaboration_identity.py ....                             [ 70%]
tests/unit/test_elaboration_import_boundaries.py ..............          [ 71%]
tests/unit/test_elaboration_occurrence.py .........                      [ 71%]
tests/unit/test_exit_pin.py ...                                          [ 71%]
tests/unit/test_exit_point_aliases.py .......                            [ 71%]
tests/unit/test_expression_compiler.py ................................. [ 72%]
...................                                                      [ 73%]
tests/unit/test_expression_paren_helper.py ...........                   [ 73%]
tests/unit/test_expression_utils_shim.py ..                              [ 73%]
tests/unit/test_extractor.py .............                               [ 73%]
tests/unit/test_graph_builder.py ......                                  [ 73%]
tests/unit/test_graph_builder_aggregation.py ........................... [ 74%]
............                                                             [ 74%]
tests/unit/test_graph_builder_computed_attrs.py ........................ [ 75%]
.....                                                                    [ 75%]
tests/unit/test_graph_builder_zero_default.py ...                        [ 75%]
tests/unit/test_hierarchy_pipeline.py ......................             [ 76%]
tests/unit/test_hierarchy_resolver.py .................................. [ 77%]
.................................                                        [ 77%]
tests/unit/test_hygiene_tail_agg_compile.py ..                           [ 77%]
tests/unit/test_hygiene_tail_loader.py .........                         [ 78%]
tests/unit/test_hygiene_tail_registry.py ..                              [ 78%]
tests/unit/test_logical_demand_resolution.py ...............             [ 78%]
tests/unit/test_matcher_fixes_item7.py ......                            [ 78%]
tests/unit/test_occurrence_roundtrip_parity.py ..                        [ 78%]
tests/unit/test_output_aliases.py ................                       [ 79%]
tests/unit/test_output_registry.py ..................................... [ 80%]
....                                                                     [ 80%]
tests/unit/test_output_registry_construction.py ........................ [ 80%]
.......................                                                  [ 81%]
tests/unit/test_package_metadata.py ..                                   [ 81%]
tests/unit/test_parameter_groups.py .....                                [ 81%]
tests/unit/test_part_instance_index.py .......................           [ 82%]
tests/unit/test_phase4_bugfix_regressions.py ...                         [ 82%]
tests/unit/test_predicate_compiler.py .................................. [ 83%]
..............                                                           [ 83%]
tests/unit/test_producer_completeness.py .............                   [ 83%]
tests/unit/test_producer_qn_rule.py .........                            [ 84%]
tests/unit/test_producer_resolution_table.py ...........                 [ 84%]
tests/unit/test_qualified_names.py .............                         [ 84%]
tests/unit/test_qualified_names_shim.py ...                              [ 84%]
tests/unit/test_registry_generation.py .....                             [ 84%]
tests/unit/test_retirement_worklist.py ........                          [ 85%]
tests/unit/test_rewrite_virtual_bindings.py ......                       [ 85%]
tests/unit/test_runbook_patches.py ....                                  [ 85%]
tests/unit/test_sc11_recheck.py ..                                       [ 85%]
tests/unit/test_silent_failure_family2.py ....                           [ 85%]
tests/unit/test_silent_failure_family2_family3_fires.py ...              [ 85%]
tests/unit/test_silent_failure_family3.py .....                          [ 85%]
tests/unit/test_snapshot_envelope_gate.py .............................. [ 86%]
........................................................................ [ 88%]
........................................................................ [ 90%]
........................................................................ [ 92%]
........................................................................ [ 93%]
..................                                                       [ 94%]
tests/unit/test_source_admission.py ...............................      [ 95%]
tests/unit/test_source_referent.py ...................                   [ 95%]
tests/unit/test_source_referent_shape_gate.py ....                       [ 95%]
tests/unit/test_stencils.py .....................                        [ 96%]
tests/unit/test_step_4_5.py ......                                       [ 96%]
tests/unit/test_supplied_values.py ....................                  [ 96%]
tests/unit/test_teax_discovery.py ......                                 [ 97%]
tests/unit/test_template_detection.py ..........................         [ 97%]
tests/unit/test_type_indexing_helpers.py ......                          [ 97%]
tests/unit/test_uncovered_params.py ..........                           [ 98%]
tests/unit/test_verify_package.py ...................................... [ 99%]
                                                                         [ 99%]
tests/unit/test_virtual_binding_rewrite.py ...                           [ 99%]
tests/unit/test_warning_reconciliation.py .....                          [ 99%]
tests/unit/test_warning_reconciliation_exact_route.py .................. [ 99%]
....                                                                     [ 99%]
tests/unit/test_zero_default_exact_route.py ...                          [100%]

=============================== warnings summary ===============================
../item7-rebuild-venv/lib/python3.12/site-packages/_pytest/python.py:124
  /home/reid/1cfe/item7-rebuild-venv/lib/python3.12/site-packages/_pytest/python.py:124: PytestRemovedIn10Warning: Passing a non-Collection iterable to parametrize is deprecated.
  Test: tests/unit/test_constraint_name_safety.py::test_graph_diagnostic_is_invariant_under_all_input_permutations, argvalues type: product
  Please convert to a list or tuple.
  See https://docs.pytest.org/en/stable/deprecations.html#parametrize-iterators
    metafunc.parametrize(*marker.args, **marker.kwargs, _param_mark=marker)

tests/integration/test_bug2_regression.py: 1 warning
tests/integration/test_computed_attributes_e2e.py: 2 warnings
tests/integration/test_costed_component_e2e.py: 1 warning
tests/integration/test_e2e_output_registry.py: 1 warning
tests/integration/test_expression_compilation_e2e.py: 2 warnings
tests/integration/test_hierarchy_e2e.py: 6 warnings
tests/integration/test_output_registry_smoke.py: 2 warnings
tests/integration/test_parallel_validation.py: 10 warnings
tests/unit/test_output_registry_construction.py: 4 warnings
  /home/reid/1cfe/item7-rebuild-venv/lib/python3.12/site-packages/_pytest/fixtures.py:1313: PytestRemovedIn10Warning: Class-scoped fixture defined as instance method is deprecated.
  Instance attributes set in this fixture will NOT be visible to test methods,
  as each test gets a new instance while the fixture runs only once per class.
  Use @classmethod decorator and set attributes on cls instead.
  See https://docs.pytest.org/en/stable/deprecations.html#class-scoped-fixture-as-instance-method
    fixturefunc = resolve_fixture_function(fixturedef, request)

-- Docs: https://docs.pytest.org/en/stable/how-to/capture-warnings.html
=== 3862 passed, 47 skipped, 53 deselected, 30 warnings in 157.34s (0:02:37) ===
