src/sysml_codegen/generation/preservation.py:109: error: Function is missing a type annotation for one or more parameters  [no-untyped-def]
src/sysml_codegen/generation/preservation.py:166: error: Function is missing a type annotation for one or more parameters  [no-untyped-def]
src/sysml_codegen/analysis/parameter_groups.py:275: error: Returning Any from function declared to return "str | None"  [no-any-return]
src/sysml_codegen/analysis/parameter_groups.py:319: error: Returning Any from function declared to return "str | None"  [no-any-return]
src/sysml_codegen/analysis/parameter_groups.py:354: error: Returning Any from function declared to return "str"  [no-any-return]
src/sysml_codegen/generation/schemas.py:17: error: Function is missing a type annotation for one or more parameters  [no-untyped-def]
src/sysml_codegen/generation/schemas.py:32: error: Function is missing a type annotation for one or more parameters  [no-untyped-def]
src/sysml_codegen/generation/schemas.py:48: error: Function is missing a type annotation for one or more parameters  [no-untyped-def]
src/sysml_codegen/extraction/usage_extractor.py:125: error: Returning Any from function declared to return "str | None"  [no-any-return]
src/sysml_codegen/extraction/usage_extractor.py:183: error: Returning Any from function declared to return "str | None"  [no-any-return]
src/sysml_codegen/generation/test_gen.py:22: error: Function is missing a type annotation for one or more parameters  [no-untyped-def]
src/sysml_codegen/extraction/extractor.py:66: error: "None" has no attribute "contains_errors"  [attr-defined]
src/sysml_codegen/extraction/extractor.py:67: error: "None" has no attribute "errors"  [attr-defined]
src/sysml_codegen/extraction/extractor.py:141: error: Function is missing a type annotation for one or more parameters  [no-untyped-def]
src/sysml_codegen/extraction/extractor.py:157: error: Function is missing a type annotation for one or more parameters  [no-untyped-def]
src/sysml_codegen/extraction/extractor.py:169: error: Function is missing a type annotation for one or more parameters  [no-untyped-def]
src/sysml_codegen/extraction/extractor.py:184: error: Need type annotation for "constraints" (hint: "constraints: list[<type>] = ...")  [var-annotated]
src/sysml_codegen/extraction/extractor.py:206: error: Function is missing a type annotation for one or more parameters  [no-untyped-def]
src/sysml_codegen/extraction/extractor.py:382: error: Function is missing a type annotation for one or more parameters  [no-untyped-def]
src/sysml_codegen/extraction/extractor.py:394: error: Function is missing a type annotation for one or more parameters  [no-untyped-def]
src/sysml_codegen/extraction/extractor.py:402: error: Function is missing a type annotation for one or more parameters  [no-untyped-def]
src/sysml_codegen/extraction/extractor.py:414: error: Function is missing a type annotation for one or more parameters  [no-untyped-def]
src/sysml_codegen/extraction/extractor.py:425: error: Function is missing a type annotation for one or more parameters  [no-untyped-def]
src/sysml_codegen/extraction/extractor.py:451: error: Function is missing a type annotation for one or more parameters  [no-untyped-def]
src/sysml_codegen/extraction/extractor.py:466: error: Function is missing a type annotation for one or more parameters  [no-untyped-def]
src/sysml_codegen/extraction/extractor.py:543: error: Function is missing a type annotation for one or more parameters  [no-untyped-def]
src/sysml_codegen/extraction/extractor.py:566: error: Function is missing a type annotation for one or more parameters  [no-untyped-def]
src/sysml_codegen/extraction/extractor.py:582: error: Function is missing a type annotation for one or more parameters  [no-untyped-def]
src/sysml_codegen/extraction/extractor.py:615: error: Function is missing a type annotation for one or more parameters  [no-untyped-def]
src/sysml_codegen/extraction/extractor.py:626: error: Returning Any from function declared to return "str"  [no-any-return]
src/sysml_codegen/extraction/extractor.py:630: error: Function is missing a type annotation for one or more parameters  [no-untyped-def]
src/sysml_codegen/extraction/extractor.py:646: error: Function is missing a type annotation for one or more parameters  [no-untyped-def]
src/sysml_codegen/extraction/extractor.py:687: error: Function is missing a type annotation for one or more parameters  [no-untyped-def]
src/sysml_codegen/extraction/extractor.py:736: error: Function is missing a type annotation for one or more parameters  [no-untyped-def]
src/sysml_codegen/extraction/extractor.py:806: error: Function is missing a type annotation for one or more parameters  [no-untyped-def]
src/sysml_codegen/orchestration/output_registry_builder.py:355: error: Incompatible types in assignment (expression has type "DesignAttributeData", variable has type "AttributeInfo")  [assignment]
src/sysml_codegen/orchestration/output_registry_builder.py:358: error: "AttributeInfo" has no attribute "parent_part"  [attr-defined]
src/sysml_codegen/generation/entry_point.py:153: error: Function is missing a type annotation for one or more parameters  [no-untyped-def]
src/sysml_codegen/analysis/dependency_backtracker.py:168: error: Function is missing a return type annotation  [no-untyped-def]
src/sysml_codegen/analysis/dependency_backtracker.py:168: note: Use "-> None" if function does not return a value
src/sysml_codegen/analysis/dependency_backtracker.py:323: error: Incompatible types in assignment (expression has type "CalcUsageData | None", variable has type "CalcUsageData")  [assignment]
src/sysml_codegen/analysis/dependency_backtracker.py:599: error: Argument "reference" to "ProducerRequest" has incompatible type "str | None"; expected "str"  [arg-type]
src/sysml_codegen/analysis/dependency_backtracker.py:620: error: Argument 3 to "_warn_lenient_miss" has incompatible type "str | None"; expected "str"  [arg-type]
src/sysml_codegen/resolution/graph_builder.py:664: error: Function is missing a type annotation for one or more parameters  [no-untyped-def]
src/sysml_codegen/resolution/graph_builder.py:1748: error: Function is missing a type annotation for one or more parameters  [no-untyped-def]
src/sysml_codegen/generation/stencils.py:22: error: Function is missing a type annotation for one or more parameters  [no-untyped-def]
src/sysml_codegen/generation/stencils.py:30: error: Returning Any from function declared to return "str"  [no-any-return]
src/sysml_codegen/generation/stencils.py:31: error: Returning Any from function declared to return "str"  [no-any-return]
src/sysml_codegen/generation/stencils.py:34: error: Function is missing a type annotation for one or more parameters  [no-untyped-def]
src/sysml_codegen/generation/stencils.py:48: error: Returning Any from function declared to return "str"  [no-any-return]
src/sysml_codegen/generation/stencils.py:50: error: Returning Any from function declared to return "str"  [no-any-return]
src/sysml_codegen/generation/stencils.py:55: error: Function is missing a type annotation for one or more parameters  [no-untyped-def]
src/sysml_codegen/generation/stencils.py:111: error: Function is missing a type annotation  [no-untyped-def]
src/sysml_codegen/generation/stencils.py:156: error: Function is missing a type annotation for one or more parameters  [no-untyped-def]
src/sysml_codegen/generation/stencils.py:194: error: Function is missing a type annotation for one or more parameters  [no-untyped-def]
src/sysml_codegen/generation/registry.py:237: error: Function is missing a type annotation for one or more parameters  [no-untyped-def]
src/sysml_codegen/generation/pipeline.py:178: error: Argument 1 to "get" of "dict" has incompatible type "str | None"; expected "str"  [arg-type]
src/sysml_codegen/generation/pipeline.py:183: error: Incompatible types in assignment (expression has type "str | None", variable has type "str")  [assignment]
src/sysml_codegen/generation/pipeline.py:190: error: Argument 1 to "params_field_name" has incompatible type "str | None"; expected "str"  [arg-type]
src/sysml_codegen/generation/modules.py:27: error: Function is missing a type annotation for one or more parameters  [no-untyped-def]
src/sysml_codegen/generation/modules.py:35: error: Returning Any from function declared to return "str"  [no-any-return]
src/sysml_codegen/generation/modules.py:36: error: Returning Any from function declared to return "str"  [no-any-return]
src/sysml_codegen/generation/modules.py:39: error: Function is missing a type annotation for one or more parameters  [no-untyped-def]
src/sysml_codegen/generation/modules.py:53: error: Returning Any from function declared to return "str"  [no-any-return]
src/sysml_codegen/generation/modules.py:55: error: Returning Any from function declared to return "str"  [no-any-return]
src/sysml_codegen/generation/modules.py:60: error: Function is missing a type annotation for one or more parameters  [no-untyped-def]
src/sysml_codegen/generation/modules.py:389: error: Function is missing a type annotation for one or more parameters  [no-untyped-def]
src/sysml_codegen/orchestration/pipeline_builder.py:174: error: Argument 1 to "extract_computed_attributes" has incompatible type "None"; expected "SysideAdapter"  [arg-type]
src/sysml_codegen/cli/__init__.py:151: error: Function is missing a type annotation  [no-untyped-def]
src/sysml_codegen/cli/__init__.py:341: error: Item "None" of "str | None" has no attribute "lower"  [union-attr]
Found 69 errors in 16 files (checked 87 source files)
