src/agentic_mbse/extraction/postprocess.py:104: error: Returning Any from function declared to return "str"  [no-any-return]
src/agentic_mbse/extraction/postprocess.py:332: error: Returning Any from function declared to return "str"  [no-any-return]
src/agentic_mbse/extraction/postprocess.py:333: error: Returning Any from function declared to return "str"  [no-any-return]
src/agentic_mbse/extraction/postprocess.py:360: error: Returning Any from function declared to return "str"  [no-any-return]
src/agentic_mbse/sysml/syside_adapter.py:274: error: Returning Any from function declared to return "tuple[Any, Any]"  [no-any-return]
src/agentic_mbse/sysml/syside_adapter.py:287: error: Returning Any from function declared to return "list[str]"  [no-any-return]
src/agentic_mbse/sysml/syside_adapter.py:338: error: Returning Any from function declared to return "Iterator[Any]"  [no-any-return]
src/agentic_mbse/sysml/syside_adapter.py:386: error: Returning Any from function declared to return "bool"  [no-any-return]
src/agentic_mbse/extraction/http.py:62: error: Returning Any from function declared to return "str | None"  [no-any-return]
src/agentic_mbse/sysml/helpers.py:39: error: Returning Any from function declared to return "str | None"  [no-any-return]
src/agentic_mbse/sysml/helpers.py:122: error: Returning Any from function declared to return "str"  [no-any-return]
src/agentic_mbse/sysml/helpers.py:133: error: Returning Any from function declared to return "str"  [no-any-return]
src/agentic_mbse/extraction/base.py:119: error: Returning Any from function declared to return "bool"  [no-any-return]
src/agentic_mbse/extraction/base.py:175: error: Unused "type: ignore" comment  [unused-ignore]
src/agentic_mbse/extraction/base.py:193: error: Unused "type: ignore" comment  [unused-ignore]
src/agentic_mbse/extraction/pymupdf_backend.py:95: error: Skipping analyzing "pymupdf4llm.helpers.pymupdf_rag": module is installed, but missing library stubs or py.typed marker  [import-untyped]
src/agentic_mbse/extraction/docling_backend.py:25: error: Unused "type: ignore" comment  [unused-ignore]
src/agentic_mbse/extraction/docling_backend.py:25: error: Cannot find implementation or library stub for module named "docling.datamodel.base_models"  [import-not-found]
src/agentic_mbse/extraction/docling_backend.py:25: note: Error code "import-not-found" not covered by "type: ignore[import-untyped]" comment
src/agentic_mbse/extraction/docling_backend.py:26: error: Unused "type: ignore" comment  [unused-ignore]
src/agentic_mbse/extraction/docling_backend.py:26: error: Cannot find implementation or library stub for module named "docling.datamodel.pipeline_options"  [import-not-found]
src/agentic_mbse/extraction/docling_backend.py:26: note: Error code "import-not-found" not covered by "type: ignore[import-untyped]" comment
src/agentic_mbse/extraction/docling_backend.py:29: error: Unused "type: ignore" comment  [unused-ignore]
src/agentic_mbse/extraction/docling_backend.py:29: error: Cannot find implementation or library stub for module named "docling.document_converter"  [import-not-found]
src/agentic_mbse/extraction/docling_backend.py:29: note: Error code "import-not-found" not covered by "type: ignore[import-untyped]" comment
src/agentic_mbse/extraction/docling_backend.py:136: error: Returning Any from function declared to return "ExtractionResult"  [no-any-return]
src/agentic_mbse/validation/common.py:182: error: Unused "type: ignore" comment  [unused-ignore]
src/agentic_mbse/pm/parser.py:16: error: Library stubs not installed for "yaml"  [import-untyped]
src/agentic_mbse/validation/level5_traceability.py:27: error: Cannot find implementation or library stub for module named "common"  [import-not-found]
src/agentic_mbse/validation/level5_traceability.py:27: error: Name "EXIT_FAILURE" already defined (possibly by an import)  [no-redef]
src/agentic_mbse/validation/level5_traceability.py:27: error: Name "EXIT_SUCCESS" already defined (possibly by an import)  [no-redef]
src/agentic_mbse/validation/level5_traceability.py:27: error: Name "QualityCheckResult" already defined (possibly by an import)  [no-redef]
src/agentic_mbse/validation/level5_traceability.py:27: error: Name "discover_sysml_files" already defined (possibly by an import)  [no-redef]
src/agentic_mbse/validation/level5_traceability.py:27: error: Name "get_element_location" already defined (possibly by an import)  [no-redef]
src/agentic_mbse/validation/level5_traceability.py:27: error: Name "get_qualified_name" already defined (possibly by an import)  [no-redef]
src/agentic_mbse/validation/level5_traceability.py:27: error: Name "load_sysml_model" already defined (possibly by an import)  [no-redef]
src/agentic_mbse/validation/level5_traceability.py:27: error: Name "print_header" already defined (possibly by an import)  [no-redef]
src/agentic_mbse/validation/level5_traceability.py:27: error: Name "print_result" already defined (possibly by an import)  [no-redef]
src/agentic_mbse/validation/level3_dataflow.py:27: error: Cannot find implementation or library stub for module named "common"  [import-not-found]
src/agentic_mbse/validation/level3_dataflow.py:27: error: Name "EXIT_FAILURE" already defined (possibly by an import)  [no-redef]
src/agentic_mbse/validation/level3_dataflow.py:27: error: Name "EXIT_SUCCESS" already defined (possibly by an import)  [no-redef]
src/agentic_mbse/validation/level3_dataflow.py:27: error: Name "QualityCheckResult" already defined (possibly by an import)  [no-redef]
src/agentic_mbse/validation/level3_dataflow.py:27: error: Name "discover_sysml_files" already defined (possibly by an import)  [no-redef]
src/agentic_mbse/validation/level3_dataflow.py:27: error: Name "load_sysml_model" already defined (possibly by an import)  [no-redef]
src/agentic_mbse/validation/level3_dataflow.py:27: error: Name "print_header" already defined (possibly by an import)  [no-redef]
src/agentic_mbse/validation/level3_dataflow.py:27: error: Name "print_result" already defined (possibly by an import)  [no-redef]
src/agentic_mbse/validation/level1_syntax.py:23: error: Cannot find implementation or library stub for module named "common"  [import-not-found]
src/agentic_mbse/validation/level1_syntax.py:23: error: Name "EXIT_FAILURE" already defined (possibly by an import)  [no-redef]
src/agentic_mbse/validation/level1_syntax.py:23: error: Name "EXIT_SUCCESS" already defined (possibly by an import)  [no-redef]
src/agentic_mbse/validation/level1_syntax.py:23: error: Name "QualityCheckResult" already defined (possibly by an import)  [no-redef]
src/agentic_mbse/validation/level1_syntax.py:23: error: Name "discover_sysml_files" already defined (possibly by an import)  [no-redef]
src/agentic_mbse/validation/level1_syntax.py:23: error: Name "print_header" already defined (possibly by an import)  [no-redef]
src/agentic_mbse/validation/level1_syntax.py:23: error: Name "print_result" already defined (possibly by an import)  [no-redef]
src/agentic_mbse/validation/adr002.py:25: error: Cannot find implementation or library stub for module named "common"  [import-not-found]
src/agentic_mbse/validation/adr002.py:25: error: Name "get_element_location" already defined (possibly by an import)  [no-redef]
src/agentic_mbse/validation/adr002.py:25: error: Name "get_qualified_name" already defined (possibly by an import)  [no-redef]
src/agentic_mbse/sysml/binding.py:206: error: Returning Any from function declared to return "str | None"  [no-any-return]
src/agentic_mbse/sysml/binding.py:214: error: Returning Any from function declared to return "str | None"  [no-any-return]
src/agentic_mbse/extraction/html_sanitize.py:55: error: Library stubs not installed for "lxml"  [import-untyped]
src/agentic_mbse/extraction/html_sanitize.py:55: note: Hint: "python3 -m pip install lxml-stubs"
src/agentic_mbse/extraction/html_sanitize.py:55: note: (or run "mypy --install-types" to install all missing stub packages)
src/agentic_mbse/extraction/html_sanitize.py:74: error: Argument 1 to "search" of "Pattern" has incompatible type "str | AttributeValueList | None"; expected "str"  [arg-type]
src/agentic_mbse/extraction/html_sanitize.py:79: error: Argument 1 to "search" of "Pattern" has incompatible type "str | AttributeValueList | None"; expected "str"  [arg-type]
src/agentic_mbse/extraction/html_sanitize.py:84: error: No overload variant of "find_all" of "Tag" matches argument type "dict[str, bool]"  [call-overload]
src/agentic_mbse/extraction/html_sanitize.py:84: note: Possible overload variants:
src/agentic_mbse/extraction/html_sanitize.py:84: note:     def find_all(self, name: None = ..., attrs: None = ..., recursive: bool = ..., *, string: str | bytes | Pattern[str] | bool | Callable[[str | None], bool] | Iterable[str | bytes | Pattern[str] | bool | Callable[[str | None], bool]], limit: int | None = ..., **kwargs: str | bytes | Pattern[str] | bool | Callable[[str | None], bool] | Iterable[str | bytes | Pattern[str] | bool | Callable[[str | None], bool]]) -> ResultSet[NavigableString]
src/agentic_mbse/extraction/html_sanitize.py:84: note:     def find_all(self, name: None = ..., attrs: None = ..., recursive: bool = ..., string: None = ..., limit: int | None = ..., **kwargs: str | bytes | Pattern[str] | bool | Callable[[str | None], bool] | Iterable[str | bytes | Pattern[str] | bool | Callable[[str | None], bool]]) -> ResultSet[Tag]
src/agentic_mbse/extraction/html_sanitize.py:84: note:     def find_all(self, name: None, attrs: dict[str, str | bytes | Pattern[str] | bool | Callable[[str | None], bool] | Iterable[str | bytes | Pattern[str] | bool | Callable[[str | None], bool]]], recursive: bool = ..., string: str | bytes | Pattern[str] | bool | Callable[[str | None], bool] | Iterable[str | bytes | Pattern[str] | bool | Callable[[str | None], bool]] | None = ..., limit: int | None = ..., **kwargs: str | bytes | Pattern[str] | bool | Callable[[str | None], bool] | Iterable[str | bytes | Pattern[str] | bool | Callable[[str | None], bool]]) -> ResultSet[Tag]
src/agentic_mbse/extraction/html_sanitize.py:84: note:     def find_all(self, name: str | bytes | Pattern[str] | bool | Callable[[Tag], bool] | Iterable[str | bytes | Pattern[str] | bool | Callable[[Tag], bool]] | ElementFilter, attrs: dict[str, str | bytes | Pattern[str] | bool | Callable[[str | None], bool] | Iterable[str | bytes | Pattern[str] | bool | Callable[[str | None], bool]]] | None = ..., recursive: bool = ..., string: str | bytes | Pattern[str] | bool | Callable[[str | None], bool] | Iterable[str | bytes | Pattern[str] | bool | Callable[[str | None], bool]] | None = ..., limit: int | None = ..., **kwargs: str | bytes | Pattern[str] | bool | Callable[[str | None], bool] | Iterable[str | bytes | Pattern[str] | bool | Callable[[str | None], bool]]) -> ResultSet[Tag]
src/agentic_mbse/extraction/html_sanitize.py:86: error: No overload variant of "find_all" of "Tag" matches argument type "dict[str, str]"  [call-overload]
src/agentic_mbse/extraction/html_sanitize.py:86: note: Possible overload variants:
src/agentic_mbse/extraction/html_sanitize.py:86: note:     def find_all(self, name: None = ..., attrs: None = ..., recursive: bool = ..., *, string: str | bytes | Pattern[str] | bool | Callable[[str | None], bool] | Iterable[str | bytes | Pattern[str] | bool | Callable[[str | None], bool]], limit: int | None = ..., **kwargs: str | bytes | Pattern[str] | bool | Callable[[str | None], bool] | Iterable[str | bytes | Pattern[str] | bool | Callable[[str | None], bool]]) -> ResultSet[NavigableString]
src/agentic_mbse/extraction/html_sanitize.py:86: note:     def find_all(self, name: None = ..., attrs: None = ..., recursive: bool = ..., string: None = ..., limit: int | None = ..., **kwargs: str | bytes | Pattern[str] | bool | Callable[[str | None], bool] | Iterable[str | bytes | Pattern[str] | bool | Callable[[str | None], bool]]) -> ResultSet[Tag]
src/agentic_mbse/extraction/html_sanitize.py:86: note:     def find_all(self, name: None, attrs: dict[str, str | bytes | Pattern[str] | bool | Callable[[str | None], bool] | Iterable[str | bytes | Pattern[str] | bool | Callable[[str | None], bool]]], recursive: bool = ..., string: str | bytes | Pattern[str] | bool | Callable[[str | None], bool] | Iterable[str | bytes | Pattern[str] | bool | Callable[[str | None], bool]] | None = ..., limit: int | None = ..., **kwargs: str | bytes | Pattern[str] | bool | Callable[[str | None], bool] | Iterable[str | bytes | Pattern[str] | bool | Callable[[str | None], bool]]) -> ResultSet[Tag]
src/agentic_mbse/extraction/html_sanitize.py:86: note:     def find_all(self, name: str | bytes | Pattern[str] | bool | Callable[[Tag], bool] | Iterable[str | bytes | Pattern[str] | bool | Callable[[Tag], bool]] | ElementFilter, attrs: dict[str, str | bytes | Pattern[str] | bool | Callable[[str | None], bool] | Iterable[str | bytes | Pattern[str] | bool | Callable[[str | None], bool]]] | None = ..., recursive: bool = ..., string: str | bytes | Pattern[str] | bool | Callable[[str | None], bool] | Iterable[str | bytes | Pattern[str] | bool | Callable[[str | None], bool]] | None = ..., limit: int | None = ..., **kwargs: str | bytes | Pattern[str] | bool | Callable[[str | None], bool] | Iterable[str | bytes | Pattern[str] | bool | Callable[[str | None], bool]]) -> ResultSet[Tag]
src/agentic_mbse/validation/level2_structure.py:39: error: Cannot find implementation or library stub for module named "common"  [import-not-found]
src/agentic_mbse/validation/level2_structure.py:39: note: See https://mypy.readthedocs.io/en/stable/running_mypy.html#missing-imports
src/agentic_mbse/validation/level2_structure.py:39: error: Name "EXIT_FAILURE" already defined (possibly by an import)  [no-redef]
src/agentic_mbse/validation/level2_structure.py:39: error: Name "EXIT_SUCCESS" already defined (possibly by an import)  [no-redef]
src/agentic_mbse/validation/level2_structure.py:39: error: Name "QualityCheckResult" already defined (possibly by an import)  [no-redef]
src/agentic_mbse/validation/level2_structure.py:39: error: Name "discover_sysml_files" already defined (possibly by an import)  [no-redef]
src/agentic_mbse/validation/level2_structure.py:39: error: Name "get_element_location" already defined (possibly by an import)  [no-redef]
src/agentic_mbse/validation/level2_structure.py:39: error: Name "get_qualified_name" already defined (possibly by an import)  [no-redef]
src/agentic_mbse/validation/level2_structure.py:39: error: Name "load_sysml_model" already defined (possibly by an import)  [no-redef]
src/agentic_mbse/validation/level2_structure.py:39: error: Name "print_header" already defined (possibly by an import)  [no-redef]
src/agentic_mbse/validation/level2_structure.py:39: error: Name "print_result" already defined (possibly by an import)  [no-redef]
src/agentic_mbse/validation/level2_structure.py:223: error: Need type annotation for "inputs" (hint: "inputs: list[<type>] = ...")  [var-annotated]
src/agentic_mbse/pm/operations.py:17: error: Library stubs not installed for "yaml"  [import-untyped]
src/agentic_mbse/pm/operations.py:17: note: Hint: "python3 -m pip install types-PyYAML"
src/agentic_mbse/validation/level6_architecture.py:18: error: Library stubs not installed for "yaml"  [import-untyped]
src/agentic_mbse/validation/level6_architecture.py:18: note: Hint: "python3 -m pip install types-PyYAML"
src/agentic_mbse/validation/level6_architecture.py:18: note: (or run "mypy --install-types" to install all missing stub packages)
src/agentic_mbse/validation/level6_architecture.py:18: note: See https://mypy.readthedocs.io/en/stable/running_mypy.html#missing-imports
src/agentic_mbse/validation/runner.py:28: error: Cannot find implementation or library stub for module named "common"  [import-not-found]
src/agentic_mbse/validation/runner.py:28: error: Name "EXIT_FAILURE" already defined (possibly by an import)  [no-redef]
src/agentic_mbse/validation/runner.py:28: error: Name "EXIT_SUCCESS" already defined (possibly by an import)  [no-redef]
src/agentic_mbse/validation/runner.py:28: error: Name "AggregatedResult" already defined (possibly by an import)  [no-redef]
src/agentic_mbse/validation/runner.py:28: error: Name "print_result" already defined (possibly by an import)  [no-redef]
src/agentic_mbse/validation/runner.py:34: error: Cannot find implementation or library stub for module named "level1_syntax"  [import-not-found]
src/agentic_mbse/validation/runner.py:34: error: Name "validate_syntax" already defined (possibly by an import)  [no-redef]
src/agentic_mbse/validation/runner.py:35: error: Cannot find implementation or library stub for module named "level2_structure"  [import-not-found]
src/agentic_mbse/validation/runner.py:35: error: Name "validate_structure" already defined (possibly by an import)  [no-redef]
src/agentic_mbse/validation/runner.py:36: error: Cannot find implementation or library stub for module named "level3_dataflow"  [import-not-found]
src/agentic_mbse/validation/runner.py:36: error: Name "validate_dataflow" already defined (possibly by an import)  [no-redef]
src/agentic_mbse/validation/runner.py:37: error: Cannot find implementation or library stub for module named "level4_constraints"  [import-not-found]
src/agentic_mbse/validation/runner.py:37: error: Name "analyze_constraints" already defined (possibly by an import)  [no-redef]
src/agentic_mbse/validation/runner.py:38: error: Cannot find implementation or library stub for module named "level5_traceability"  [import-not-found]
src/agentic_mbse/validation/runner.py:38: error: Name "validate_traceability" already defined (possibly by an import)  [no-redef]
src/agentic_mbse/validation/runner.py:39: error: Cannot find implementation or library stub for module named "level6_architecture"  [import-not-found]
src/agentic_mbse/validation/runner.py:39: error: Name "validate_architecture" already defined (possibly by an import)  [no-redef]
src/agentic_mbse/extraction/pandoc_convert.py:79: error: Unused "type: ignore" comment  [unused-ignore]
src/agentic_mbse/extraction/equations.py:44: error: Cannot find implementation or library stub for module named "docling_ibm_models.layoutmodel.layout_predictor"  [import-not-found]
src/agentic_mbse/extraction/equations.py:55: error: Cannot find implementation or library stub for module named "huggingface_hub"  [import-not-found]
src/agentic_mbse/extraction/claude_enhance.py:148: error: Unused "type: ignore" comment  [unused-ignore]
src/agentic_mbse/extraction/tables.py:161: error: Library stubs not installed for "pandas"  [import-untyped]
src/agentic_mbse/extraction/tables.py:161: note: Hint: "python3 -m pip install pandas-stubs"
src/agentic_mbse/extraction/tables.py:361: error: Cannot find implementation or library stub for module named "gmft.auto"  [import-not-found]
src/agentic_mbse/extraction/tables.py:362: error: Cannot find implementation or library stub for module named "gmft.pdf_bindings.pdfium"  [import-not-found]
src/agentic_mbse/extraction/tables.py:432: error: Cannot find implementation or library stub for module named "gmft.detectors.img2table"  [import-not-found]
src/agentic_mbse/extraction/check.py:97: error: Cannot find implementation or library stub for module named "gmft.auto"  [import-not-found]
src/agentic_mbse/extraction/check.py:102: error: Cannot find implementation or library stub for module named "gmft.detectors.img2table"  [import-not-found]
src/agentic_mbse/extraction/check.py:107: error: Cannot find implementation or library stub for module named "docling"  [import-not-found]
src/agentic_mbse/cli/extract_cli.py:45: error: Unused "type: ignore" comment  [unused-ignore]
src/agentic_mbse/cli/extract_cli.py:45: error: Cannot find implementation or library stub for module named "docling"  [import-not-found]
src/agentic_mbse/cli/extract_cli.py:45: note: Error code "import-not-found" not covered by "type: ignore[import-untyped]" comment
src/agentic_mbse/cli/extract_cli.py:45: note: See https://mypy.readthedocs.io/en/stable/running_mypy.html#missing-imports
src/agentic_mbse/cli/extract_cli.py:131: error: Unexpected keyword argument "timeout" for "extract"  [call-arg]
src/agentic_mbse/cli/extract_cli.py:131: note: "extract" defined in "agentic_mbse.extraction.pymupdf_backend"
src/agentic_mbse/cli/extract_cli.py:136: error: Unexpected keyword argument "timeout" for "extract"  [call-arg]
src/agentic_mbse/cli/extract_cli.py:136: note: "extract" defined in "agentic_mbse.extraction.pymupdf_backend"
src/agentic_mbse/cli/__init__.py:325: error: Returning Any from function declared to return "dict[Any, Any] | None"  [no-any-return]
src/agentic_mbse/cli/__init__.py:352: error: Returning Any from function declared to return "bool"  [no-any-return]
src/agentic_mbse/cli/__init__.py:1174: error: Returning Any from function declared to return "int"  [no-any-return]
Found 108 errors in 26 files (checked 59 source files)
