============================= test session starts ==============================
platform linux -- Python 3.12.11, pytest-9.1.1, pluggy-1.6.0
rootdir: /home/reid/1cfe/agentic-mbse-item7-rebuild
configfile: pyproject.toml
plugins: cov-7.1.0
collected 1832 items / 5 deselected / 1827 selected

tests/test_adapter.py ....................                               [  1%]
tests/test_check.py .................................................... [  3%]
.................                                                        [  4%]
tests/test_claude_enhance.py ......................                      [  6%]
tests/test_cli.py ...................................................... [  9%]
.............................                                            [ 10%]
tests/test_constraint_documentation.py .                                 [ 10%]
tests/test_corpus_integration.py .                                       [ 10%]
tests/test_equations.py .......                                          [ 11%]
tests/test_errors.py ..............                                      [ 11%]
tests/test_extract_cli.py .............................................. [ 14%]
.......                                                                  [ 14%]
tests/test_extraction.py ....................................            [ 16%]
tests/test_extraction_metrics.py ...............                         [ 17%]
tests/test_frontmatter.py ..............                                 [ 18%]
tests/test_helpers.py ...............                                    [ 19%]
tests/test_html_sanitize.py ....................                         [ 20%]
tests/test_http.py ...........                                           [ 20%]
tests/test_index.py ....................................                 [ 22%]
tests/test_l8_extractability.py ........                                 [ 23%]
tests/test_modeling_command_contracts.py ........                        [ 23%]
tests/test_nested_package_syntax.py ..........                           [ 24%]
tests/test_package_version.py .                                          [ 24%]
tests/test_pandoc_convert.py ...............................             [ 25%]
tests/test_pipeline.py ................................................. [ 28%]
.....................................                                    [ 30%]
tests/test_pm_cli.py ...............................                     [ 32%]
tests/test_pm_dashboard.py ..................                            [ 33%]
tests/test_pm_operations.py ............................................ [ 35%]
....................................                                     [ 37%]
tests/test_pm_parser.py ................................................ [ 40%]
.......                                                                  [ 40%]
tests/test_pm_state.py ........................................          [ 42%]
tests/test_postprocess.py .............................................. [ 45%]
...........................................                              [ 47%]
tests/test_profile.py ...................                                [ 48%]
tests/test_quality_gate.py .......................................       [ 51%]
tests/test_sysml/test_adr002.py ..........s.......                       [ 51%]
tests/test_sysml/test_aggregation.py ............                        [ 52%]
tests/test_sysml/test_binding.py .................                       [ 53%]
tests/test_sysml/test_constraint_extraction.py ...............           [ 54%]
tests/test_sysml/test_constraint_extraction_ordering.py ...              [ 54%]
tests/test_sysml/test_constraint_fact_shapes.py ........                 [ 55%]
tests/test_sysml/test_constraint_facts_banned_heuristics.py ....         [ 55%]
tests/test_sysml/test_constraint_facts_serialize.py ...........          [ 55%]
tests/test_sysml/test_constraint_facts_severity.py .............         [ 56%]
tests/test_sysml/test_executable_profile.py ............................ [ 58%]
......................                                                   [ 59%]
tests/test_sysml/test_executable_profile_arithmetic.py ................. [ 60%]
.................................                                        [ 62%]
tests/test_sysml/test_executable_profile_hygiene.py .                    [ 62%]
tests/test_sysml/test_executable_profile_matrix.py .................     [ 62%]
tests/test_sysml/test_executable_profile_v3.py .................         [ 63%]
tests/test_sysml/test_executable_profile_v4.py ......................... [ 65%]
........................................................................ [ 69%]
........................................................................ [ 73%]
........................................................................ [ 77%]
..............................                                           [ 78%]
tests/test_sysml/test_expression.py .................................... [ 80%]
...................................                                      [ 82%]
tests/test_sysml/test_expression_ir_extraction.py .......                [ 83%]
tests/test_sysml/test_expression_ir_serialize.py ....................... [ 84%]
...                                                                      [ 84%]
tests/test_sysml/test_graph.py ...........                               [ 85%]
tests/test_sysml/test_hierarchy.py ..........                            [ 85%]
tests/test_sysml/test_public_api_exports.py ......                       [ 85%]
tests/test_sysml/test_qualified_names.py .....................           [ 87%]
tests/test_sysml/test_syside_identity_contract.py ...                    [ 87%]
tests/test_sysml/test_types.py ...............                           [ 88%]
tests/test_sysml_quality_checks.py ..................................... [ 90%]
...........................                                              [ 91%]
tests/test_tables.py ................................................... [ 94%]
..                                                                       [ 94%]
tests/test_validation/test_integration_regression.py ...                 [ 94%]
tests/test_validation/test_item12_checks.py ....................         [ 95%]
tests/test_validation/test_item4_subtype.py .........                    [ 96%]
tests/test_validation/test_item9_checks.py ..                            [ 96%]
tests/test_validation/test_level2_integration.py .......                 [ 96%]
tests/test_validation/test_level3_integration.py ......                  [ 97%]
tests/test_validation/test_level4_reconciliation.py ...                  [ 97%]
tests/test_validation/test_quality_check_result.py ......                [ 97%]
tests/test_validation/test_v2_false_positive.py ............             [ 98%]
tests/test_web_backend.py .........................                      [ 99%]
tests/test_web_images.py ........                                        [100%]

=============================== warnings summary ===============================
tests/test_extraction.py::TestRunWithTimeout::test_returns_result_on_success
tests/test_extraction.py::TestRunWithTimeout::test_returns_timeout_sentinel_on_timeout
tests/test_extraction.py::TestRunWithTimeout::test_returns_exception_on_error
tests/test_extraction.py::TestDoclingBackend::test_extract_returns_error_on_timeout
tests/test_extraction.py::TestDoclingBackend::test_extract_returns_error_on_exception
tests/test_extraction.py::TestDoclingBackend::test_extract_returns_result_on_success
  /home/reid/.local/share/uv/python/cpython-3.12-linux-x86_64-gnu/lib/python3.12/multiprocessing/popen_fork.py:66: DeprecationWarning: This process (pid=3450636) is multi-threaded, use of fork() may lead to deadlocks in the child.
    self.pid = os.fork()

-- Docs: https://docs.pytest.org/en/stable/how-to/capture-warnings.html
=========================== short test summary info ============================
SKIPPED [1] tests/test_sysml/test_adr002.py:289: Requires fusion_modeling CATF models not in this repo
========== 1826 passed, 1 skipped, 5 deselected, 6 warnings in 14.05s ==========
