============================= test session starts ==============================
platform linux -- Python 3.12.11, pytest-9.1.1, pluggy-1.6.0
rootdir: /home/reid/1cfe/agentic-mbse-item7-rebuild
configfile: pyproject.toml
testpaths: tests
plugins: cov-7.1.0
collected 1831 items / 5 deselected / 1826 selected

tests/test_adapter.py ....................                               [  1%]
tests/test_check.py .................................................... [  3%]
.................                                                        [  4%]
tests/test_claude_enhance.py ......................                      [  6%]
tests/test_cli.py ..........................FFFFF....................... [  9%]
.............................                                            [ 10%]
tests/test_constraint_documentation.py .                                 [ 10%]
tests/test_corpus_integration.py .                                       [ 10%]
tests/test_equations.py .......                                          [ 11%]
tests/test_errors.py ..............                                      [ 11%]
tests/test_extract_cli.py .............................................. [ 14%]
.......                                                                  [ 14%]
tests/test_extraction.py ....................................            [ 16%]
tests/test_extraction_metrics.py ...............                         [ 17%]
tests/test_frontmatter.py ..............                                 [ 18%]
tests/test_helpers.py ...............                                    [ 19%]
tests/test_html_sanitize.py ....................                         [ 20%]
tests/test_http.py ...........                                           [ 20%]
tests/test_index.py ..................................FF                 [ 22%]
tests/test_l8_extractability.py ........                                 [ 23%]
tests/test_modeling_command_contracts.py ........                        [ 23%]
tests/test_nested_package_syntax.py ..........                           [ 24%]
tests/test_package_version.py .                                          [ 24%]
tests/test_pandoc_convert.py ...............................             [ 26%]
tests/test_pipeline.py ................................................. [ 28%]
.....................................                                    [ 30%]
tests/test_pm_cli.py ...............................                     [ 32%]
tests/test_pm_dashboard.py ..................                            [ 33%]
tests/test_pm_operations.py ............................................ [ 35%]
....................................                                     [ 37%]
tests/test_pm_parser.py ................................................ [ 40%]
.......                                                                  [ 40%]
tests/test_pm_state.py ........................................          [ 42%]
tests/test_postprocess.py .............................................. [ 45%]
...........................................                              [ 47%]
tests/test_profile.py ...................                                [ 48%]
tests/test_quality_gate.py .......................................       [ 51%]
tests/test_sysml/test_adr002.py ..........s.......                       [ 52%]
tests/test_sysml/test_aggregation.py ............                        [ 52%]
tests/test_sysml/test_binding.py .................                       [ 53%]
tests/test_sysml/test_constraint_extraction.py ...............           [ 54%]
tests/test_sysml/test_constraint_extraction_ordering.py ...              [ 54%]
tests/test_sysml/test_constraint_fact_shapes.py ........                 [ 55%]
tests/test_sysml/test_constraint_facts_banned_heuristics.py ....         [ 55%]
tests/test_sysml/test_constraint_facts_serialize.py ...........          [ 55%]
tests/test_sysml/test_constraint_facts_severity.py .............         [ 56%]
tests/test_sysml/test_executable_profile.py ............................ [ 58%]
.......................                                                  [ 59%]
tests/test_sysml/test_executable_profile_arithmetic.py ................. [ 60%]
.................................                                        [ 62%]
tests/test_sysml/test_executable_profile_hygiene.py .                    [ 62%]
tests/test_sysml/test_executable_profile_matrix.py .................     [ 63%]
tests/test_sysml/test_executable_profile_v3.py .................         [ 64%]
tests/test_sysml/test_executable_profile_v4.py ......................... [ 65%]
........................................................................ [ 69%]
........................................................................ [ 73%]
........................................................................ [ 77%]
..............................                                           [ 78%]
tests/test_sysml/test_expression.py .................................... [ 80%]
...................................                                      [ 82%]
tests/test_sysml/test_expression_ir_extraction.py .......                [ 83%]
tests/test_sysml/test_expression_ir_serialize.py ....................... [ 84%]
...                                                                      [ 84%]
tests/test_sysml/test_graph.py ...........                               [ 85%]
tests/test_sysml/test_hierarchy.py ..........                            [ 85%]
tests/test_sysml/test_public_api_exports.py ......                       [ 86%]
tests/test_sysml/test_qualified_names.py .....................           [ 87%]
tests/test_sysml/test_syside_identity_contract.py ...                    [ 87%]
tests/test_sysml/test_types.py ...............                           [ 88%]
tests/test_sysml_quality_checks.py .............................F....... [ 90%]
..........................                                               [ 91%]
tests/test_tables.py ................................................... [ 94%]
..                                                                       [ 94%]
tests/test_validation/test_integration_regression.py FF.                 [ 94%]
tests/test_validation/test_item12_checks.py ...................          [ 95%]
tests/test_validation/test_item4_subtype.py .........                    [ 96%]
tests/test_validation/test_item9_checks.py ..                            [ 96%]
tests/test_validation/test_level2_integration.py .......                 [ 96%]
tests/test_validation/test_level3_integration.py ......                  [ 97%]
tests/test_validation/test_level4_reconciliation.py ...                  [ 97%]
tests/test_validation/test_quality_check_result.py ......                [ 97%]
tests/test_validation/test_v2_false_positive.py ............             [ 98%]
tests/test_web_backend.py .........................                      [ 99%]
tests/test_web_images.py ........                                        [100%]

=================================== FAILURES ===================================
_______________________ TestCLIIntegration.test_cli_help _______________________
tests/test_cli.py:348: in test_cli_help
    result = subprocess.run(
../../.local/share/uv/python/cpython-3.12-linux-x86_64-gnu/lib/python3.12/subprocess.py:548: in run
    with Popen(*popenargs, **kwargs) as process:
         ^^^^^^^^^^^^^^^^^^^^^^^^^^^
../../.local/share/uv/python/cpython-3.12-linux-x86_64-gnu/lib/python3.12/subprocess.py:1026: in __init__
    self._execute_child(args, executable, preexec_fn, close_fds,
../../.local/share/uv/python/cpython-3.12-linux-x86_64-gnu/lib/python3.12/subprocess.py:1955: in _execute_child
    raise child_exception_type(errno_num, err_msg, err_filename)
E   FileNotFoundError: [Errno 2] No such file or directory: 'agentic-mbse'
__________________ TestCLIIntegration.test_cli_validate_help ___________________
tests/test_cli.py:359: in test_cli_validate_help
    result = subprocess.run(
../../.local/share/uv/python/cpython-3.12-linux-x86_64-gnu/lib/python3.12/subprocess.py:548: in run
    with Popen(*popenargs, **kwargs) as process:
         ^^^^^^^^^^^^^^^^^^^^^^^^^^^
../../.local/share/uv/python/cpython-3.12-linux-x86_64-gnu/lib/python3.12/subprocess.py:1026: in __init__
    self._execute_child(args, executable, preexec_fn, close_fds,
../../.local/share/uv/python/cpython-3.12-linux-x86_64-gnu/lib/python3.12/subprocess.py:1955: in _execute_child
    raise child_exception_type(errno_num, err_msg, err_filename)
E   FileNotFoundError: [Errno 2] No such file or directory: 'agentic-mbse'
____________________ TestCLIIntegration.test_cli_init_help _____________________
tests/test_cli.py:370: in test_cli_init_help
    result = subprocess.run(
../../.local/share/uv/python/cpython-3.12-linux-x86_64-gnu/lib/python3.12/subprocess.py:548: in run
    with Popen(*popenargs, **kwargs) as process:
         ^^^^^^^^^^^^^^^^^^^^^^^^^^^
../../.local/share/uv/python/cpython-3.12-linux-x86_64-gnu/lib/python3.12/subprocess.py:1026: in __init__
    self._execute_child(args, executable, preexec_fn, close_fds,
../../.local/share/uv/python/cpython-3.12-linux-x86_64-gnu/lib/python3.12/subprocess.py:1955: in _execute_child
    raise child_exception_type(errno_num, err_msg, err_filename)
E   FileNotFoundError: [Errno 2] No such file or directory: 'agentic-mbse'
____________ TestCLIIntegration.test_cli_validate_on_sample_models _____________
tests/test_cli.py:380: in test_cli_validate_on_sample_models
    result = subprocess.run(
../../.local/share/uv/python/cpython-3.12-linux-x86_64-gnu/lib/python3.12/subprocess.py:548: in run
    with Popen(*popenargs, **kwargs) as process:
         ^^^^^^^^^^^^^^^^^^^^^^^^^^^
../../.local/share/uv/python/cpython-3.12-linux-x86_64-gnu/lib/python3.12/subprocess.py:1026: in __init__
    self._execute_child(args, executable, preexec_fn, close_fds,
../../.local/share/uv/python/cpython-3.12-linux-x86_64-gnu/lib/python3.12/subprocess.py:1955: in _execute_child
    raise child_exception_type(errno_num, err_msg, err_filename)
E   FileNotFoundError: [Errno 2] No such file or directory: 'agentic-mbse'
__________________ TestCLIIntegration.test_cli_init_dev_help ___________________
tests/test_cli.py:391: in test_cli_init_dev_help
    result = subprocess.run(
../../.local/share/uv/python/cpython-3.12-linux-x86_64-gnu/lib/python3.12/subprocess.py:548: in run
    with Popen(*popenargs, **kwargs) as process:
         ^^^^^^^^^^^^^^^^^^^^^^^^^^^
../../.local/share/uv/python/cpython-3.12-linux-x86_64-gnu/lib/python3.12/subprocess.py:1026: in __init__
    self._execute_child(args, executable, preexec_fn, close_fds,
../../.local/share/uv/python/cpython-3.12-linux-x86_64-gnu/lib/python3.12/subprocess.py:1955: in _execute_child
    raise child_exception_type(errno_num, err_msg, err_filename)
E   FileNotFoundError: [Errno 2] No such file or directory: 'agentic-mbse'
___________ TestScriptBackwardCompat.test_generate_index_script_runs ___________
tests/test_index.py:351: in test_generate_index_script_runs
    result = subprocess.run(
../../.local/share/uv/python/cpython-3.12-linux-x86_64-gnu/lib/python3.12/subprocess.py:548: in run
    with Popen(*popenargs, **kwargs) as process:
         ^^^^^^^^^^^^^^^^^^^^^^^^^^^
../../.local/share/uv/python/cpython-3.12-linux-x86_64-gnu/lib/python3.12/subprocess.py:1026: in __init__
    self._execute_child(args, executable, preexec_fn, close_fds,
../../.local/share/uv/python/cpython-3.12-linux-x86_64-gnu/lib/python3.12/subprocess.py:1955: in _execute_child
    raise child_exception_type(errno_num, err_msg, err_filename)
E   FileNotFoundError: [Errno 2] No such file or directory: 'python'
____________ TestScriptBackwardCompat.test_read_section_script_runs ____________
tests/test_index.py:361: in test_read_section_script_runs
    result = subprocess.run(
../../.local/share/uv/python/cpython-3.12-linux-x86_64-gnu/lib/python3.12/subprocess.py:548: in run
    with Popen(*popenargs, **kwargs) as process:
         ^^^^^^^^^^^^^^^^^^^^^^^^^^^
../../.local/share/uv/python/cpython-3.12-linux-x86_64-gnu/lib/python3.12/subprocess.py:1026: in __init__
    self._execute_child(args, executable, preexec_fn, close_fds,
../../.local/share/uv/python/cpython-3.12-linux-x86_64-gnu/lib/python3.12/subprocess.py:1955: in _execute_child
    raise child_exception_type(errno_num, err_msg, err_filename)
E   FileNotFoundError: [Errno 2] No such file or directory: 'python'
_______________________ TestEndToEnd.test_cli_exit_codes _______________________
tests/test_sysml_quality_checks.py:702: in test_cli_exit_codes
    result = subprocess.run(
../../.local/share/uv/python/cpython-3.12-linux-x86_64-gnu/lib/python3.12/subprocess.py:548: in run
    with Popen(*popenargs, **kwargs) as process:
         ^^^^^^^^^^^^^^^^^^^^^^^^^^^
../../.local/share/uv/python/cpython-3.12-linux-x86_64-gnu/lib/python3.12/subprocess.py:1026: in __init__
    self._execute_child(args, executable, preexec_fn, close_fds,
../../.local/share/uv/python/cpython-3.12-linux-x86_64-gnu/lib/python3.12/subprocess.py:1955: in _execute_child
    raise child_exception_type(errno_num, err_msg, err_filename)
E   FileNotFoundError: [Errno 2] No such file or directory: 'agentic-mbse'
_____________________ test_level2_output_matches_baseline ______________________
tests/test_validation/test_integration_regression.py:90: in test_level2_output_matches_baseline
    current = _run_check("level2_structure")
              ^^^^^^^^^^^^^^^^^^^^^^^^^^^^^^
tests/test_validation/test_integration_regression.py:17: in _run_check
    result = subprocess.run(
../../.local/share/uv/python/cpython-3.12-linux-x86_64-gnu/lib/python3.12/subprocess.py:548: in run
    with Popen(*popenargs, **kwargs) as process:
         ^^^^^^^^^^^^^^^^^^^^^^^^^^^
../../.local/share/uv/python/cpython-3.12-linux-x86_64-gnu/lib/python3.12/subprocess.py:1026: in __init__
    self._execute_child(args, executable, preexec_fn, close_fds,
../../.local/share/uv/python/cpython-3.12-linux-x86_64-gnu/lib/python3.12/subprocess.py:1955: in _execute_child
    raise child_exception_type(errno_num, err_msg, err_filename)
E   FileNotFoundError: [Errno 2] No such file or directory: 'python'
_____________________ test_level3_output_matches_baseline ______________________
tests/test_validation/test_integration_regression.py:130: in test_level3_output_matches_baseline
    current = _run_check("level3_dataflow")
              ^^^^^^^^^^^^^^^^^^^^^^^^^^^^^
tests/test_validation/test_integration_regression.py:17: in _run_check
    result = subprocess.run(
../../.local/share/uv/python/cpython-3.12-linux-x86_64-gnu/lib/python3.12/subprocess.py:548: in run
    with Popen(*popenargs, **kwargs) as process:
         ^^^^^^^^^^^^^^^^^^^^^^^^^^^
../../.local/share/uv/python/cpython-3.12-linux-x86_64-gnu/lib/python3.12/subprocess.py:1026: in __init__
    self._execute_child(args, executable, preexec_fn, close_fds,
../../.local/share/uv/python/cpython-3.12-linux-x86_64-gnu/lib/python3.12/subprocess.py:1955: in _execute_child
    raise child_exception_type(errno_num, err_msg, err_filename)
E   FileNotFoundError: [Errno 2] No such file or directory: 'python'
=============================== warnings summary ===============================
tests/test_extraction.py::TestRunWithTimeout::test_returns_result_on_success
tests/test_extraction.py::TestRunWithTimeout::test_returns_timeout_sentinel_on_timeout
tests/test_extraction.py::TestRunWithTimeout::test_returns_exception_on_error
tests/test_extraction.py::TestDoclingBackend::test_extract_returns_error_on_timeout
tests/test_extraction.py::TestDoclingBackend::test_extract_returns_error_on_exception
tests/test_extraction.py::TestDoclingBackend::test_extract_returns_result_on_success
  /home/reid/.local/share/uv/python/cpython-3.12-linux-x86_64-gnu/lib/python3.12/multiprocessing/popen_fork.py:66: DeprecationWarning: This process (pid=3087178) is multi-threaded, use of fork() may lead to deadlocks in the child.
    self.pid = os.fork()

-- Docs: https://docs.pytest.org/en/stable/how-to/capture-warnings.html
=========================== short test summary info ============================
FAILED tests/test_cli.py::TestCLIIntegration::test_cli_help - FileNotFoundErr...
FAILED tests/test_cli.py::TestCLIIntegration::test_cli_validate_help - FileNo...
FAILED tests/test_cli.py::TestCLIIntegration::test_cli_init_help - FileNotFou...
FAILED tests/test_cli.py::TestCLIIntegration::test_cli_validate_on_sample_models
FAILED tests/test_cli.py::TestCLIIntegration::test_cli_init_dev_help - FileNo...
FAILED tests/test_index.py::TestScriptBackwardCompat::test_generate_index_script_runs
FAILED tests/test_index.py::TestScriptBackwardCompat::test_read_section_script_runs
FAILED tests/test_sysml_quality_checks.py::TestEndToEnd::test_cli_exit_codes
FAILED tests/test_validation/test_integration_regression.py::test_level2_output_matches_baseline
FAILED tests/test_validation/test_integration_regression.py::test_level3_output_matches_baseline
==== 10 failed, 1815 passed, 1 skipped, 5 deselected, 6 warnings in 11.64s =====
