INFO: Generating code from .project/active/self-binding-replacement/spike/fixtures/s4b_qual_two_occ
INFO: Output to .project/active/self-binding-replacement/spike/out/s4b_qual_two_occ
INFO: Package name: spike_pkg
INFO: Building pipeline context...
INFO: Built computation graph with 2 modules
INFO: Clearing existing output directory...
INFO: Creating output directory structure...
INFO: Generating schemas...
INFO: Generated 0 multi-output schemas
INFO: Generating TEAx module wrappers...
INFO: Generated 2 TEAx module wrappers
INFO: Generating implementation stencils...
INFO: Generated 2 implementation stencils
INFO: Generating pipeline configuration...
INFO: Generated pipeline configuration: pipeline.yaml
INFO: Generating module registry...
INFO: Generated module registry with 2 modules
INFO: Generating entry point schemas and JSON templates...
INFO: Generated 1 parameter group schemas from graph
INFO: Generated 1 parameter group schemas
INFO: Generated 1 JSON templates from graph
INFO: Generated 1 JSON input templates
INFO: Generating implementation backlog...
INFO: Generated implementation backlog: IMPLEMENTATION_BACKLOG.md
INFO: Generating runnable tests...
INFO: Generated test file with 2 test classes
INFO: Generated runnable tests: test_implementations_runnable.py
INFO: Sealing package...
INFO: Code generation complete
