INFO: Generating code from .project/active/self-binding-replacement/spike/fixtures/s5_sibling_formal
INFO: Output to .project/active/self-binding-replacement/spike/out/s5_sibling_formal
INFO: Package name: spike_pkg
INFO: Building pipeline context...
Traceback (most recent call last):
  File "/home/reid/1cfe/sysml-codegen/.venv/bin/sysml-codegen", line 10, in <module>
    sys.exit(main())
             ^^^^^^
  File "/home/reid/1cfe/sysml-codegen/src/sysml_codegen/cli/__init__.py", line 1144, in main
    sys.exit(args.func(args))
             ^^^^^^^^^^^^^^^
  File "/home/reid/1cfe/sysml-codegen/src/sysml_codegen/cli/__init__.py", line 880, in cmd_generate
    success = run_codegen(config)
              ^^^^^^^^^^^^^^^^^^^
  File "/home/reid/1cfe/sysml-codegen/src/sysml_codegen/cli/__init__.py", line 1187, in run_codegen
    context = build_exact_pipeline_context([config.models_path])
              ^^^^^^^^^^^^^^^^^^^^^^^^^^^^^^^^^^^^^^^^^^^^^^^^^^
  File "/home/reid/1cfe/sysml-codegen/src/sysml_codegen/orchestration/exact_pipeline_context.py", line 280, in build_exact_pipeline_context
    return _seal(elaborate_model_paths(list(model_paths)), _canonical_targets(targets))
                 ^^^^^^^^^^^^^^^^^^^^^^^^^^^^^^^^^^^^^^^^
  File "/home/reid/1cfe/sysml-codegen/src/sysml_codegen/orchestration/elaborated_pipeline.py", line 68, in elaborate_model_paths
    graph = elaborate(
            ^^^^^^^^^^
  File "/home/reid/1cfe/sysml-codegen/src/sysml_codegen/elaboration/elaborate.py", line 278, in elaborate
    ).run()
      ^^^^^
  File "/home/reid/1cfe/sysml-codegen/src/sysml_codegen/elaboration/elaborate.py", line 631, in run
    self._graph.validate()
  File "/home/reid/1cfe/sysml-codegen/src/sysml_codegen/elaboration/graph.py", line 448, in validate
    raise GraphValidationError(failures)
sysml_codegen.elaboration.graph.GraphValidationError: SI_EDGE_DANGLING: typed producer dependency cycle
